// Jest Snapshot v1, https://goo.gl/fbAQLP

exports[`<AutoComplete /> Snapshots should match with a full width component 1`] = `
.c3 {
  width: 100%;
  -webkit-appearance: none;
  -moz-appearance: none;
  appearance: none;
  background-color: transparent;
  outline: none;
  position: absolute;
  bottom: 0;
  left: 0;
  border: none;
  box-sizing: border-box;
  height: 52px;
  padding-top: 16px;
  padding-right: 52px;
  padding-bottom: 16px;
  padding-left: 16px;
  color: #231B22;
  font-family: Rubik,sans-serif;
  font-size: 14px;
  font-weight: 400;
  line-height: 20px;
}

.c3:focus {
  color: #231B22;
}

.c3:focus ~ legend {
  max-width: -webkit-max-content;
  max-width: -moz-max-content;
  max-width: max-content;
  -webkit-transition-property: max-width;
  transition-property: max-width;
  -webkit-transition-duration: 500ms;
  transition-duration: 500ms;
}

.c3:focus ~ label {
  -webkit-transform: translateY(-24px);
  -ms-transform: translateY(-24px);
  transform: translateY(-24px);
  -webkit-transition-property: -webkit-transform,font-size,color;
  -webkit-transition-property: transform,font-size,color;
  transition-property: transform,font-size,color;
  -webkit-transition-duration: 500ms;
  transition-duration: 500ms;
  -webkit-transition-timing-function: cubic-bezier(0,0.75,0.1,1);
  transition-timing-function: cubic-bezier(0,0.75,0.1,1);
  font-size: 12px;
  line-height: 16px;
  color: #231B22;
}

.c3:focus::-webkit-input-placeholder {
  color: #6B6B78;
}

.c3:focus::-moz-placeholder {
  color: #6B6B78;
}

.c3:focus:-ms-input-placeholder {
  color: #6B6B78;
}

.c3:focus::placeholder {
  color: #6B6B78;
}

.c3:disabled {
  cursor: not-allowed;
  color: #D7D7E0;
  -webkit-text-fill-color: #D7D7E0;
  opacity: 1;
}

.c3::-webkit-input-placeholder {
  color: #6B6B78;
}

.c3::-moz-placeholder {
  color: #6B6B78;
}

.c3:-ms-input-placeholder {
  color: #6B6B78;
}

.c3::placeholder {
  color: #6B6B78;
}

.c3[type="number"]::-webkit-outer-spin-button,
.c3[type="number"]::-webkit-inner-spin-button {
  display: none;
}

.c3:invalid {
  box-shadow: none;
}

.c2 {
  position: relative;
  margin: 0;
  padding: 0;
  box-sizing: border-box;
  width: 100%;
  height: 52px;
  padding-left: 12px;
  border-radius: 8px;
  border-width: 1px;
  border-style: solid;
  border-color: #D7D7E0;
}

.c2:hover:not(:disabled),
.c2:focus-within:not(:disabled) {
  border-color: #231B22;
}

.c4 {
  -webkit-letter-spacing: normal;
  -moz-letter-spacing: normal;
  -ms-letter-spacing: normal;
  letter-spacing: normal;
  pointer-events: none;
  position: absolute;
  -webkit-user-select: none;
  -moz-user-select: none;
  -ms-user-select: none;
  user-select: none;
  top: 16px;
  left: 16px;
  font-family: Rubik;
  font-size: 14px;
  font-weight: 400;
  line-height: 20px;
  color: #6B6B78;
  -webkit-transition-property: -webkit-transform,font-size;
  -webkit-transition-property: transform,font-size;
  transition-property: transform,font-size;
  -webkit-transition-duration: 500ms;
  transition-duration: 500ms;
  -webkit-transition-timing-function: cubic-bezier(0,0.75,0.1,1);
  transition-timing-function: cubic-bezier(0,0.75,0.1,1);
}

.c1 {
  box-sizing: border-box;
  width: 100%;
}

.c5 {
  position: absolute;
  top: 0;
  right: 0px;
  padding-right: 16px;
  padding-left: 8px;
  height: 52px;
  cursor: pointer;
  outline: none;
}

.c5:hover svg,
.c5:focus svg {
  fill: #231B22;
}

.c5 svg {
  height: 52px;
  width: 20px;
  fill: #6B6B78;
}

.c0 {
  position: relative;
  width: 100%;
}

<div>
  <div
    aria-expanded="false"
    aria-haspopup="listbox"
    aria-labelledby="downshift-1-label"
    class="c0"
    role="combobox"
  >
    <div
      class="c1"
    >
      <fieldset
        class="c2"
        value=""
      >
        <input
          aria-autocomplete="list"
          aria-labelledby="downshift-1-label"
          autocomplete="off"
          class="c3"
          id="downshift-1-input"
          value=""
        />
        <label
          class="c4"
        />
        <div
          class="c5"
          height="20"
          role="button"
          tabindex="0"
          width="20"
        >
          <svg
            aria-label="Open suggestions"
          />
        </div>
      </fieldset>
    </div>
  </div>
</div>
`;

exports[`<AutoComplete /> Snapshots should match with default component 1`] = `
.c3 {
  width: 100%;
  -webkit-appearance: none;
  -moz-appearance: none;
  appearance: none;
  background-color: transparent;
  outline: none;
  position: absolute;
  bottom: 0;
  left: 0;
  border: none;
  box-sizing: border-box;
  height: 52px;
  padding-top: 16px;
  padding-right: 52px;
  padding-bottom: 16px;
  padding-left: 16px;
  color: #231B22;
  font-family: Rubik,sans-serif;
  font-size: 14px;
  font-weight: 400;
  line-height: 20px;
}

.c3:focus {
  color: #231B22;
}

.c3:focus ~ legend {
  max-width: -webkit-max-content;
  max-width: -moz-max-content;
  max-width: max-content;
  -webkit-transition-property: max-width;
  transition-property: max-width;
  -webkit-transition-duration: 500ms;
  transition-duration: 500ms;
}

.c3:focus ~ label {
  -webkit-transform: translateY(-24px);
  -ms-transform: translateY(-24px);
  transform: translateY(-24px);
  -webkit-transition-property: -webkit-transform,font-size,color;
  -webkit-transition-property: transform,font-size,color;
  transition-property: transform,font-size,color;
  -webkit-transition-duration: 500ms;
  transition-duration: 500ms;
  -webkit-transition-timing-function: cubic-bezier(0,0.75,0.1,1);
  transition-timing-function: cubic-bezier(0,0.75,0.1,1);
  font-size: 12px;
  line-height: 16px;
  color: #231B22;
}

.c3:focus::-webkit-input-placeholder {
  color: #6B6B78;
}

.c3:focus::-moz-placeholder {
  color: #6B6B78;
}

.c3:focus:-ms-input-placeholder {
  color: #6B6B78;
}

.c3:focus::placeholder {
  color: #6B6B78;
}

.c3:disabled {
  cursor: not-allowed;
  color: #D7D7E0;
  -webkit-text-fill-color: #D7D7E0;
  opacity: 1;
}

.c3::-webkit-input-placeholder {
  color: #6B6B78;
}

.c3::-moz-placeholder {
  color: #6B6B78;
}

.c3:-ms-input-placeholder {
  color: #6B6B78;
}

.c3::placeholder {
  color: #6B6B78;
}

.c3[type="number"]::-webkit-outer-spin-button,
.c3[type="number"]::-webkit-inner-spin-button {
  display: none;
}

.c3:invalid {
  box-shadow: none;
}

.c2 {
  position: relative;
  margin: 0;
  padding: 0;
  box-sizing: border-box;
  width: 320px;
  height: 52px;
  padding-left: 12px;
  border-radius: 8px;
  border-width: 1px;
  border-style: solid;
  border-color: #D7D7E0;
}

.c2:hover:not(:disabled),
.c2:focus-within:not(:disabled) {
  border-color: #231B22;
}

.c4 {
  -webkit-letter-spacing: normal;
  -moz-letter-spacing: normal;
  -ms-letter-spacing: normal;
  letter-spacing: normal;
  pointer-events: none;
  position: absolute;
  -webkit-user-select: none;
  -moz-user-select: none;
  -ms-user-select: none;
  user-select: none;
  top: 16px;
  left: 16px;
  font-family: Rubik;
  font-size: 14px;
  font-weight: 400;
  line-height: 20px;
  color: #6B6B78;
  -webkit-transition-property: -webkit-transform,font-size;
  -webkit-transition-property: transform,font-size;
  transition-property: transform,font-size;
  -webkit-transition-duration: 500ms;
  transition-duration: 500ms;
  -webkit-transition-timing-function: cubic-bezier(0,0.75,0.1,1);
  transition-timing-function: cubic-bezier(0,0.75,0.1,1);
}

.c1 {
  box-sizing: border-box;
  width: 320px;
}

.c5 {
  position: absolute;
  top: 0;
  right: 0px;
  padding-right: 16px;
  padding-left: 8px;
  height: 52px;
  cursor: pointer;
  outline: none;
}

.c5:hover svg,
.c5:focus svg {
  fill: #231B22;
}

.c5 svg {
  height: 52px;
  width: 20px;
  fill: #6B6B78;
}

.c0 {
  position: relative;
  width: auto;
}

<div>
  <div
    aria-expanded="false"
    aria-haspopup="listbox"
    aria-labelledby="downshift-0-label"
    class="c0"
    role="combobox"
  >
    <div
      class="c1"
    >
      <fieldset
        class="c2"
        value=""
      >
        <input
          aria-autocomplete="list"
          aria-labelledby="downshift-0-label"
          autocomplete="off"
          class="c3"
          id="downshift-0-input"
          value=""
        />
        <label
          class="c4"
        />
        <div
          class="c5"
          height="20"
          role="button"
          tabindex="0"
          width="20"
        >
          <svg
            aria-label="Open suggestions"
          />
        </div>
      </fieldset>
    </div>
  </div>
</div>
`;

exports[`<AutoComplete /> Snapshots should match with full width options list 1`] = `
.c3 {
  width: 100%;
  -webkit-appearance: none;
  -moz-appearance: none;
  appearance: none;
  background-color: transparent;
  outline: none;
  position: absolute;
  bottom: 0;
  left: 0;
  border: none;
  box-sizing: border-box;
  height: 52px;
  padding-top: 16px;
  padding-right: 52px;
  padding-bottom: 16px;
  padding-left: 16px;
  color: #231B22;
  font-family: Rubik,sans-serif;
  font-size: 14px;
  font-weight: 400;
  line-height: 20px;
}

.c3:focus {
  color: #231B22;
}

.c3:focus ~ legend {
  max-width: -webkit-max-content;
  max-width: -moz-max-content;
  max-width: max-content;
  -webkit-transition-property: max-width;
  transition-property: max-width;
  -webkit-transition-duration: 500ms;
  transition-duration: 500ms;
}

.c3:focus ~ label {
  -webkit-transform: translateY(-24px);
  -ms-transform: translateY(-24px);
  transform: translateY(-24px);
  -webkit-transition-property: -webkit-transform,font-size,color;
  -webkit-transition-property: transform,font-size,color;
  transition-property: transform,font-size,color;
  -webkit-transition-duration: 500ms;
  transition-duration: 500ms;
  -webkit-transition-timing-function: cubic-bezier(0,0.75,0.1,1);
  transition-timing-function: cubic-bezier(0,0.75,0.1,1);
  font-size: 12px;
  line-height: 16px;
  color: #231B22;
}

.c3:focus::-webkit-input-placeholder {
  color: #6B6B78;
}

.c3:focus::-moz-placeholder {
  color: #6B6B78;
}

.c3:focus:-ms-input-placeholder {
  color: #6B6B78;
}

.c3:focus::placeholder {
  color: #6B6B78;
}

.c3:disabled {
  cursor: not-allowed;
  color: #D7D7E0;
  -webkit-text-fill-color: #D7D7E0;
  opacity: 1;
}

.c3::-webkit-input-placeholder {
  color: #6B6B78;
}

.c3::-moz-placeholder {
  color: #6B6B78;
}

.c3:-ms-input-placeholder {
  color: #6B6B78;
}

.c3::placeholder {
  color: #6B6B78;
}

.c3 ~ legend {
  max-width: -webkit-max-content;
  max-width: -moz-max-content;
  max-width: max-content;
}

.c3 ~ label {
  -webkit-transform: translateY(-24px);
  -ms-transform: translateY(-24px);
  transform: translateY(-24px);
  -webkit-transition-property: -webkit-transform,font-size,color;
  -webkit-transition-property: transform,font-size,color;
  transition-property: transform,font-size,color;
  -webkit-transition-duration: 500ms;
  transition-duration: 500ms;
  -webkit-transition-timing-function: cubic-bezier(0,0.75,0.1,1);
  transition-timing-function: cubic-bezier(0,0.75,0.1,1);
  font-size: 12px;
  line-height: 16px;
}

.c3[type="number"]::-webkit-outer-spin-button,
.c3[type="number"]::-webkit-inner-spin-button {
  display: none;
}

.c3:invalid {
  box-shadow: none;
}

.c2 {
  position: relative;
  margin: 0;
  padding: 0;
  box-sizing: border-box;
  width: 100%;
  height: 52px;
  padding-left: 12px;
  border-radius: 8px;
  border-width: 1px;
  border-style: solid;
  border-color: #D7D7E0;
  border-color: #231B22;
}

.c2:hover:not(:disabled),
.c2:focus-within:not(:disabled) {
  border-color: #231B22;
}

.c4 {
  -webkit-letter-spacing: normal;
  -moz-letter-spacing: normal;
  -ms-letter-spacing: normal;
  letter-spacing: normal;
  pointer-events: none;
  position: absolute;
  -webkit-user-select: none;
  -moz-user-select: none;
  -ms-user-select: none;
  user-select: none;
  top: 16px;
  left: 16px;
  font-family: Rubik;
  font-size: 14px;
  font-weight: 400;
  line-height: 20px;
  color: #6B6B78;
  -webkit-transition-property: -webkit-transform,font-size;
  -webkit-transition-property: transform,font-size;
  transition-property: transform,font-size;
  -webkit-transition-duration: 500ms;
  transition-duration: 500ms;
  -webkit-transition-timing-function: cubic-bezier(0,0.75,0.1,1);
  transition-timing-function: cubic-bezier(0,0.75,0.1,1);
}

.c1 {
  box-sizing: border-box;
  width: 100%;
}

.c6 {
  position: absolute;
  top: 0;
  right: 0px;
  padding-right: 16px;
  padding-left: 8px;
  height: 52px;
  cursor: pointer;
  outline: none;
}

.c6:hover svg,
.c6:focus svg {
  fill: #231B22;
}

.c6 svg {
  height: 52px;
  width: 20px;
  fill: #6B6B78;
}

.c5 {
  position: absolute;
  top: 0;
  right: 24px;
  padding-right: 16px;
  padding-left: 8px;
  height: 52px;
  cursor: pointer;
  outline: none;
}

.c5:hover svg,
.c5:focus svg {
  fill: #231B22;
}

.c5 svg {
  height: 52px;
  width: 20px;
  fill: #6B6B78;
}

.c0 {
  position: relative;
  width: 100%;
}

.c0 [object Object] {
  border-color: #231B22;
  border-bottom-width: 0;
  border-bottom-left-radius: 0;
  border-bottom-right-radius: 0;
}

.c0 fieldset {
  border-color: #231B22;
  border-bottom-width: 0;
  border-bottom-left-radius: 0;
  border-bottom-right-radius: 0;
}

.c0 label {
  color: #231B22;
  font-weight: 400;
}

.c0 legend {
  font-weight: 400;
}

.c7 {
  position: absolute;
  margin: 0;
  padding: 0;
  z-index: 999;
  top: 52px;
  width: 100%;
  max-height: 312px;
  overflow-y: auto;
  box-sizing: border-box;
  background-color: #FFFFFF;
  border-width: 1px;
  border-style: solid;
  border-color: #231B22;
  border-color: #231B22;
  border-top-width: 0;
  border-bottom-left-radius: 8px;
  border-bottom-right-radius: 8px;
}

.c8 {
  box-sizing: border-box;
  list-style: none;
  cursor: pointer;
  padding: 16px 16px 16px 16px;
  background-color: #FFFFFF;
  outline: none;
  font-size: 14px;
  font-weight: 400;
  line-height: 20px;
}

.c8:hover {
  background-color: #F5F5FA;
}

.c9 {
  background: transparent;
  color: inherit;
  font-weight: 700;
}

<div>
  <div
    aria-expanded="true"
    aria-haspopup="listbox"
    aria-labelledby="downshift-3-label"
    aria-owns="downshift-3-menu"
    class="c0"
    role="combobox"
  >
    <div
      class="c1"
    >
      <fieldset
        class="c2"
        value="s"
      >
        <input
          aria-autocomplete="list"
          aria-controls="downshift-3-menu"
          aria-labelledby="downshift-3-label"
          autocomplete="off"
          class="c3"
          id="downshift-3-input"
          value="s"
        />
        <label
          class="c4"
        />
        <div
          aria-label="Clear"
          class="c5"
          data-testid="clearButtonAriaLabel"
          height="20"
          role="button"
          tabindex="0"
          width="20"
        >
          <svg
            aria-label="Clear"
          />
        </div>
        <div
          class="c6"
          height="20"
          role="button"
          tabindex="0"
          width="20"
        >
          <svg
            aria-label="Close suggestions"
          />
        </div>
      </fieldset>
    </div>
    <ul
      aria-labelledby="downshift-3-label"
      class="c7"
      id="downshift-3-menu"
      role="listbox"
    >
      <li
        aria-selected="false"
        class="c8"
        id="downshift-3-item-0"
        role="option"
      >
        <mark
          class="c9"
        >
          s
        </mark>
        econd
      </li>
      <li
        aria-selected="false"
        class="c8"
        id="downshift-3-item-1"
        role="option"
      >
        fir
        <mark
          class="c9"
        >
          s
        </mark>
        t
      </li>
    </ul>
  </div>
</div>
`;

exports[`<AutoComplete /> Snapshots should match with options list 1`] = `
.c3 {
  width: 100%;
  -webkit-appearance: none;
  -moz-appearance: none;
  appearance: none;
  background-color: transparent;
  outline: none;
  position: absolute;
  bottom: 0;
  left: 0;
  border: none;
  box-sizing: border-box;
  height: 52px;
  padding-top: 16px;
  padding-right: 52px;
  padding-bottom: 16px;
  padding-left: 16px;
  color: #231B22;
  font-family: Rubik,sans-serif;
  font-size: 14px;
  font-weight: 400;
  line-height: 20px;
}

.c3:focus {
  color: #231B22;
}

.c3:focus ~ legend {
  max-width: -webkit-max-content;
  max-width: -moz-max-content;
  max-width: max-content;
  -webkit-transition-property: max-width;
  transition-property: max-width;
  -webkit-transition-duration: 500ms;
  transition-duration: 500ms;
}

.c3:focus ~ label {
  -webkit-transform: translateY(-24px);
  -ms-transform: translateY(-24px);
  transform: translateY(-24px);
  -webkit-transition-property: -webkit-transform,font-size,color;
  -webkit-transition-property: transform,font-size,color;
  transition-property: transform,font-size,color;
  -webkit-transition-duration: 500ms;
  transition-duration: 500ms;
  -webkit-transition-timing-function: cubic-bezier(0,0.75,0.1,1);
  transition-timing-function: cubic-bezier(0,0.75,0.1,1);
  font-size: 12px;
  line-height: 16px;
  color: #231B22;
}

.c3:focus::-webkit-input-placeholder {
  color: #6B6B78;
}

.c3:focus::-moz-placeholder {
  color: #6B6B78;
}

.c3:focus:-ms-input-placeholder {
  color: #6B6B78;
}

.c3:focus::placeholder {
  color: #6B6B78;
}

.c3:disabled {
  cursor: not-allowed;
  color: #D7D7E0;
  -webkit-text-fill-color: #D7D7E0;
  opacity: 1;
}

.c3::-webkit-input-placeholder {
  color: #6B6B78;
}

.c3::-moz-placeholder {
  color: #6B6B78;
}

.c3:-ms-input-placeholder {
  color: #6B6B78;
}

.c3::placeholder {
  color: #6B6B78;
}

.c3 ~ legend {
  max-width: -webkit-max-content;
  max-width: -moz-max-content;
  max-width: max-content;
}

.c3 ~ label {
  -webkit-transform: translateY(-24px);
  -ms-transform: translateY(-24px);
  transform: translateY(-24px);
  -webkit-transition-property: -webkit-transform,font-size,color;
  -webkit-transition-property: transform,font-size,color;
  transition-property: transform,font-size,color;
  -webkit-transition-duration: 500ms;
  transition-duration: 500ms;
  -webkit-transition-timing-function: cubic-bezier(0,0.75,0.1,1);
  transition-timing-function: cubic-bezier(0,0.75,0.1,1);
  font-size: 12px;
  line-height: 16px;
}

.c3[type="number"]::-webkit-outer-spin-button,
.c3[type="number"]::-webkit-inner-spin-button {
  display: none;
}

.c3:invalid {
  box-shadow: none;
}

.c2 {
  position: relative;
  margin: 0;
  padding: 0;
  box-sizing: border-box;
  width: 320px;
  height: 52px;
  padding-left: 12px;
  border-radius: 8px;
  border-width: 1px;
  border-style: solid;
  border-color: #D7D7E0;
  border-color: #231B22;
}

.c2:hover:not(:disabled),
.c2:focus-within:not(:disabled) {
  border-color: #231B22;
}

.c4 {
  -webkit-letter-spacing: normal;
  -moz-letter-spacing: normal;
  -ms-letter-spacing: normal;
  letter-spacing: normal;
  pointer-events: none;
  position: absolute;
  -webkit-user-select: none;
  -moz-user-select: none;
  -ms-user-select: none;
  user-select: none;
  top: 16px;
  left: 16px;
  font-family: Rubik;
  font-size: 14px;
  font-weight: 400;
  line-height: 20px;
  color: #6B6B78;
  -webkit-transition-property: -webkit-transform,font-size;
  -webkit-transition-property: transform,font-size;
  transition-property: transform,font-size;
  -webkit-transition-duration: 500ms;
  transition-duration: 500ms;
  -webkit-transition-timing-function: cubic-bezier(0,0.75,0.1,1);
  transition-timing-function: cubic-bezier(0,0.75,0.1,1);
}

.c1 {
  box-sizing: border-box;
  width: 320px;
}

.c6 {
  position: absolute;
  top: 0;
  right: 0px;
  padding-right: 16px;
  padding-left: 8px;
  height: 52px;
  cursor: pointer;
  outline: none;
}

.c6:hover svg,
.c6:focus svg {
  fill: #231B22;
}

.c6 svg {
  height: 52px;
  width: 20px;
  fill: #6B6B78;
}

.c5 {
  position: absolute;
  top: 0;
  right: 24px;
  padding-right: 16px;
  padding-left: 8px;
  height: 52px;
  cursor: pointer;
  outline: none;
}

.c5:hover svg,
.c5:focus svg {
  fill: #231B22;
}

.c5 svg {
  height: 52px;
  width: 20px;
  fill: #6B6B78;
}

.c0 {
  position: relative;
  width: auto;
}

.c0 [object Object] {
  border-color: #231B22;
  border-bottom-width: 0;
  border-bottom-left-radius: 0;
  border-bottom-right-radius: 0;
}

.c0 fieldset {
  border-color: #231B22;
  border-bottom-width: 0;
  border-bottom-left-radius: 0;
  border-bottom-right-radius: 0;
}

.c0 label {
  color: #231B22;
  font-weight: 400;
}

.c0 legend {
  font-weight: 400;
}

.c7 {
  position: absolute;
  margin: 0;
  padding: 0;
  z-index: 999;
  top: 52px;
  width: 320px;
  max-height: 312px;
  overflow-y: auto;
  box-sizing: border-box;
  background-color: #FFFFFF;
  border-width: 1px;
  border-style: solid;
  border-color: #231B22;
  border-color: #231B22;
  border-top-width: 0;
  border-bottom-left-radius: 8px;
  border-bottom-right-radius: 8px;
}

.c8 {
  box-sizing: border-box;
  list-style: none;
  cursor: pointer;
  padding: 16px 16px 16px 16px;
  background-color: #FFFFFF;
  outline: none;
  font-size: 14px;
  font-weight: 400;
  line-height: 20px;
}

.c8:hover {
  background-color: #F5F5FA;
}

.c9 {
  background: transparent;
  color: inherit;
  font-weight: 700;
}

<div>
  <div
    aria-expanded="true"
    aria-haspopup="listbox"
    aria-labelledby="downshift-2-label"
    aria-owns="downshift-2-menu"
    class="c0"
    role="combobox"
  >
    <div
      class="c1"
    >
      <fieldset
        class="c2"
        value="s"
      >
        <input
          aria-autocomplete="list"
          aria-controls="downshift-2-menu"
          aria-labelledby="downshift-2-label"
          autocomplete="off"
          class="c3"
          id="downshift-2-input"
          value="s"
        />
        <label
          class="c4"
        />
        <div
          aria-label="Clear"
          class="c5"
          data-testid="clearButtonAriaLabel"
          height="20"
          role="button"
          tabindex="0"
          width="20"
        >
          <svg
            aria-label="Clear"
          />
        </div>
        <div
          class="c6"
          height="20"
          role="button"
          tabindex="0"
          width="20"
        >
          <svg
            aria-label="Close suggestions"
          />
        </div>
      </fieldset>
    </div>
    <ul
      aria-labelledby="downshift-2-label"
      class="c7"
      id="downshift-2-menu"
      role="listbox"
    >
      <li
        aria-selected="false"
        class="c8"
        id="downshift-2-item-0"
        role="option"
      >
        <mark
          class="c9"
        >
          s
        </mark>
        econd
      </li>
      <li
        aria-selected="false"
        class="c8"
        id="downshift-2-item-1"
        role="option"
      >
        fir
        <mark
          class="c9"
        >
          s
        </mark>
        t
      </li>
    </ul>
  </div>
</div>
`;
