// Jest Snapshot v1, https://goo.gl/fbAQLP

exports[`<GymCard.CheckIn /> Snapshots should match snapshot with avatar 1`] = `
<View
  elevation="0 2px 4px      rgba(152, 152, 166, 0.2)"
  style={
    Array [
      Object {
        "shadowColor": "rgba(152, 152, 166, 0.2)",
        "shadowOffset": Object {
          "height": 2,
          "width": 0,
        },
        "shadowOpacity": 1,
        "shadowRadius": 4,
      },
    ]
  }
>
  <View
    bRadius={8}
    bgColor="#FFFFFF"
    elevation="0 2px 4px      rgba(152, 152, 166, 0.2)"
    overflow="hidden"
    pb={16}
    pl={16}
    pr={16}
    pt={16}
    style={
      Array [
        Object {
          "backgroundColor": "#FFFFFF",
          "borderRadius": 8,
          "overflow": "hidden",
          "paddingBottom": 16,
          "paddingLeft": 16,
          "paddingRight": 16,
          "paddingTop": 16,
          "shadowColor": "rgba(152, 152, 166, 0.2)",
          "shadowOffset": Object {
            "height": 2,
            "width": 0,
          },
          "shadowOpacity": 1,
          "shadowRadius": 4,
        },
        Object {
          "minHeight": 204,
          "width": 160,
        },
      ]
    }
    variant=""
  >
    <View
      style={
        Array [
          Object {
            "flexDirection": "row",
            "justifyContent": "space-between",
            "marginBottom": 16,
          },
        ]
      }
    >
      <Image
        source={
          Object {
            "uri": "data:image/png;base64,iVBORw0KGgoAAAANSUhEUgAAAOEAAADhCAMAAAAJbSJIAAAAe1BMVEX0YVL////0Xk7zV0bzU0H0W0v0XEzzUT/0WUnzVUT0Z1j94t/5r6n6xcD2fnP+7+3/9/b4oJj6v7v7zsr5qaL96Ob6urX1d2v2hXv0ZFX3lYz1cmXzTDj2ioD5s6383Nn1dWj3kYj81NH1bF/4m5PzSTT2iH3819T+8/E+NtViAAAG3klEQVR4nO2a65ajKhCFFVDAqNF4iYm5dGImyfs/4UEBb90zY87ps3qm1/7+dKgosKGoAtKOAwAAAAAAAAAAAAAAAAAAAAAAAAAAAAAAAAAAAAAAAAAAAAAAAAAAAAAAAAAAAAAAAAAA/lBIy1d34n+DUCaabRw3HqPfUaXHq03haoryjX83jYSna3fMo6Zf3adPRTSFOydlX92rT0Tc3+lT5PKr+/VpePEgK1kn/efK/+qefRLEsZKKWyAZrUtTfH6XSeRXoyg8eG0EJbJ+asPxewRUYn0059bkO62rnt/EsgqElNTr352URk95VEox93viC2WmwpuNZWdWdv9D8/zp3yAzLXB1GNUUu8W9TYmBZvS4Nuz6v4TFpyiL0l2XXXx2P2XZ5ubQ8dNtNqrzTZaVF2+chARr9urlLCrTrRy+IMw5hurpbJPfCetF+iy4tOaozGMhX4gR3kdxRVRdFeTNrEg7vTLSBofr9BKy2uaZUj3Djk/r8d0b1FTN45Vd6yWzE0B4PspRSWk3Uix+jCL6eX/Qdn5ZjczXavGehFSmBT41m9auU/lUR9pIMt1cvh0azRgLh1LEBoVv+ahvz0DXLbZPd0JSd42wcmp219t2tbBsZl4FH6yFjxCm9asOnGSGUZDpb/2LLjbEKkxGbV724x7s/V7htM9Jp9Cv3HeM+zPm5vfOM6ZaNot0Y3rRrQMST6gJP+uvyXhKz9wxCifTUCSTEusVtrLO197JMjZ4g1ucbreT2TFGsl80xSYMT1FhpZBGf1qVYVhm+vGkXqbQBpqwC5x2Udq+UOvEafe10IWjbxUqtccmHhzoWjWVTT4NGRSmkknmmcF034gjjEOfDsLzxMG8I+yiyX5QIYTku5MqxMLx0s5cHrS5UTUlwcJg80uFEXW4llLwwYPWag6swuzgE3KwLlSqkv/DdFe5qVV41E5+MBI31GF6Hp46gNuIFhN/3ytUFasT3a6oVM/MgLQKOzN7K5ql0ZSa3pU/Uegf9cetcgkTQHMxKOxCkvWhpBNi1656zCg82yhmymq4zHKohcpwjHHT7s232bnY5Pu48RmTvFXi3UxNZX5pD7DKIxbnROsuOpa8V2hlqXG3QrrQphWudN+5XlRXfRwxvhz2CnO7dWAmD/A2pPnyQOKbynDnfgGnXr8+zZitym3XxG7Sr+f51CzeUto50imPhAYdJFuFxm/U/IiT1ioHhSbG8rUdhU5HMlN4tA5lw1o7/rLeTI+kWqG4zY0PXz1OT3NztHzXbN6Iu2kXhsPTKrTdv/jmQ0NeVXjvFZq80T5kw85MoSPTubXohvSdxOvSA6z1nPMk5bNBodBNXnk8eu4lhXur0IY15kgrsIhO6f1NJr1CRzin2Xm8M8umnJkX5sMh9eYjiZ7svVTVrZvnOibp7c1LCjfWobjOnwnv81vApfB8wgeFxPco8+p4n5eZkdTuRgihlJG6GpnLZScD1ey5l6j3QUTwo9mddV02SSLturfW4/CSQtccBsTFNW+Z/OaakG+zhVLok+KsdtsqEKnEd9Bus2KOaJJI7URJdxg57MeN/x4S2GkvbjvOubcNrTtohSa+6fHXqf9FhStJVd+Y0aGWtAlaRqFvkq5S6NXq5XXFRRte1HHCvt462mrLRXubS0Qz7t0CxNHtGd9iuK7ZF40DmfGM1xS6SVhtj3bpqR2DnUPlpYzTox3RlNp0GFYNITtzytiwi3k8jwNCgnthZ3wp9OJ+yNZWIXqTEfGqwgmxP/Kb9arrrnaQXHiPD15QA/3+LtDulRdKjJP3FRS7fl9E+9NBYI9Vryicni1u7VNyasu1MBU7+Pzw1M6s2qbND08qyy6fQqe9HpinpySd7IuMtc9BTA+qOXOZGBlNFJ6GPU0wTEFS6YcmSlKzl20HTG7P7pjk0rXB76uJeR0vjaQWGZSjo9A5pZMK7BD2KUicopZcj6Mou9JNT7rYdKVLv/POKbs9ElNvnxu3UTfzySp0hH/rXjm1jRLWhA/Tl3W2l2aqfL49nY25iI7s9atOQlmdbrJrFrW3I1MPICYlFkPKFLTFm5T6rYstDftST9KgCcS4XtUgCZodZa0sv3vFjCoRkvlB0wQeG9/HtFde6o1gJxj9l1e53X3Y7IZLlSW3lzGXFyue7rw/iAy/+invJ9999q9/4pFFdg9hTxLLmZ8t/kTkOMg2rw7fX6FwFH6qlzv6dyks6tf7+RcpTB775dcGA0Zh+CcrdEgdx9uAvnKLPnpZ38Y0n92pz+U//XsG+d7/3AEAAAAAAAAAAAAAAAAAAAAAAAAAAAAAAAAAAAAAAAAAAAAAAAAAAAAAAAAAAAAAAAAAAAb+AeAeXGTgRJdzAAAAAElFTkSuQmCC",
          }
        }
        style={
          Array [
            Object {
              "borderRadius": 8,
              "height": 48,
              "width": 48,
            },
          ]
        }
      />
      <Text
        style={
          Array [
            Object {
              "color": "#231B22",
              "fontFamily": "Rubik",
              "fontSize": 12,
              "fontWeight": "400",
              "lineHeight": 16,
            },
          ]
        }
      >
        100 m
      </Text>
    </View>
    <View
      height={18}
      onLayout={[Function]}
      onMoveShouldSetResponder={[Function]}
      onMoveShouldSetResponderCapture={[Function]}
      onResponderEnd={[Function]}
      onResponderGrant={[Function]}
      onResponderMove={[Function]}
      onResponderReject={[Function]}
      onResponderRelease={[Function]}
      onResponderStart={[Function]}
      onResponderTerminate={[Function]}
      onResponderTerminationRequest={[Function]}
      onStartShouldSetResponder={[Function]}
      onStartShouldSetResponderCapture={[Function]}
      pointerEvents="none"
      style={
        Array [
          Object {
            "alignItems": "center",
            "flexDirection": "row",
            "height": 18,
            "justifyContent": "center",
            "width": 90,
          },
        ]
      }
      width={90}
    >
      <RNSVGSvgView
        bbHeight={18}
        bbWidth={18}
        fill="#FFC24C"
        focusable={false}
        height={18}
        style={
          Array [
            Object {
              "backgroundColor": "transparent",
              "borderWidth": 0,
            },
            undefined,
            Object {
              "opacity": 1,
            },
            Object {
              "flex": 0,
              "height": 18,
              "width": 18,
            },
          ]
        }
        width={18}
      >
        <RNSVGGroup
          fill={
            Array [
              0,
              4294951500,
            ]
          }
          fillOpacity={1}
          fillRule={1}
          font={Object {}}
          matrix={
            Array [
              1,
              0,
              0,
              1,
              0,
              0,
            ]
          }
          opacity={1}
          originX={0}
          originY={0}
          propList={
            Array [
              "fill",
            ]
          }
          rotation={0}
          scaleX={1}
          scaleY={1}
          skewX={0}
          skewY={0}
          stroke={null}
          strokeDasharray={null}
          strokeDashoffset={null}
          strokeLinecap={0}
          strokeLinejoin={0}
          strokeMiterlimit={4}
          strokeOpacity={1}
          strokeWidth={1}
          vectorEffect={0}
          x={0}
          y={0}
        />
      </RNSVGSvgView>
      <RNSVGSvgView
        bbHeight={18}
        bbWidth={18}
        fill="#FFC24C"
        focusable={false}
        height={18}
        style={
          Array [
            Object {
              "backgroundColor": "transparent",
              "borderWidth": 0,
            },
            undefined,
            Object {
              "opacity": 1,
            },
            Object {
              "flex": 0,
              "height": 18,
              "width": 18,
            },
          ]
        }
        width={18}
      >
        <RNSVGGroup
          fill={
            Array [
              0,
              4294951500,
            ]
          }
          fillOpacity={1}
          fillRule={1}
          font={Object {}}
          matrix={
            Array [
              1,
              0,
              0,
              1,
              0,
              0,
            ]
          }
          opacity={1}
          originX={0}
          originY={0}
          propList={
            Array [
              "fill",
            ]
          }
          rotation={0}
          scaleX={1}
          scaleY={1}
          skewX={0}
          skewY={0}
          stroke={null}
          strokeDasharray={null}
          strokeDashoffset={null}
          strokeLinecap={0}
          strokeLinejoin={0}
          strokeMiterlimit={4}
          strokeOpacity={1}
          strokeWidth={1}
          vectorEffect={0}
          x={0}
          y={0}
        />
      </RNSVGSvgView>
      <RNSVGSvgView
        bbHeight={18}
        bbWidth={18}
        fill="#FFC24C"
        focusable={false}
        height={18}
        style={
          Array [
            Object {
              "backgroundColor": "transparent",
              "borderWidth": 0,
            },
            undefined,
            Object {
              "opacity": 1,
            },
            Object {
              "flex": 0,
              "height": 18,
              "width": 18,
            },
          ]
        }
        width={18}
      >
        <RNSVGGroup
          fill={
            Array [
              0,
              4294951500,
            ]
          }
          fillOpacity={1}
          fillRule={1}
          font={Object {}}
          matrix={
            Array [
              1,
              0,
              0,
              1,
              0,
              0,
            ]
          }
          opacity={1}
          originX={0}
          originY={0}
          propList={
            Array [
              "fill",
            ]
          }
          rotation={0}
          scaleX={1}
          scaleY={1}
          skewX={0}
          skewY={0}
          stroke={null}
          strokeDasharray={null}
          strokeDashoffset={null}
          strokeLinecap={0}
          strokeLinejoin={0}
          strokeMiterlimit={4}
          strokeOpacity={1}
          strokeWidth={1}
          vectorEffect={0}
          x={0}
          y={0}
        />
      </RNSVGSvgView>
      <RNSVGSvgView
        bbHeight={18}
        bbWidth={18}
        fill="#FFC24C"
        focusable={false}
        height={18}
        style={
          Array [
            Object {
              "backgroundColor": "transparent",
              "borderWidth": 0,
            },
            undefined,
            Object {
              "opacity": 1,
            },
            Object {
              "flex": 0,
              "height": 18,
              "width": 18,
            },
          ]
        }
        width={18}
      >
        <RNSVGGroup
          fill={
            Array [
              0,
              4294951500,
            ]
          }
          fillOpacity={1}
          fillRule={1}
          font={Object {}}
          matrix={
            Array [
              1,
              0,
              0,
              1,
              0,
              0,
            ]
          }
          opacity={1}
          originX={0}
          originY={0}
          propList={
            Array [
              "fill",
            ]
          }
          rotation={0}
          scaleX={1}
          scaleY={1}
          skewX={0}
          skewY={0}
          stroke={null}
          strokeDasharray={null}
          strokeDashoffset={null}
          strokeLinecap={0}
          strokeLinejoin={0}
          strokeMiterlimit={4}
          strokeOpacity={1}
          strokeWidth={1}
          vectorEffect={0}
          x={0}
          y={0}
        />
      </RNSVGSvgView>
      <RNSVGSvgView
        bbHeight={18}
        bbWidth={18}
        fill="#FFC24C"
        focusable={false}
        height={18}
        style={
          Array [
            Object {
              "backgroundColor": "transparent",
              "borderWidth": 0,
            },
            undefined,
            Object {
              "opacity": 1,
            },
            Object {
              "flex": 0,
              "height": 18,
              "width": 18,
            },
          ]
        }
        width={18}
      >
        <RNSVGGroup
          fill={
            Array [
              0,
              4294951500,
            ]
          }
          fillOpacity={1}
          fillRule={1}
          font={Object {}}
          matrix={
            Array [
              1,
              0,
              0,
              1,
              0,
              0,
            ]
          }
          opacity={1}
          originX={0}
          originY={0}
          propList={
            Array [
              "fill",
            ]
          }
          rotation={0}
          scaleX={1}
          scaleY={1}
          skewX={0}
          skewY={0}
          stroke={null}
          strokeDasharray={null}
          strokeDashoffset={null}
          strokeLinecap={0}
          strokeLinejoin={0}
          strokeMiterlimit={4}
          strokeOpacity={1}
          strokeWidth={1}
          vectorEffect={0}
          x={0}
          y={0}
        />
      </RNSVGSvgView>
    </View>
    <View
      style={
        Array [
          Object {
            "marginTop": 16,
          },
        ]
      }
    >
      <Text
        inverted={false}
        light={false}
        numberOfLines={2}
        size="medium"
        style={
          Array [
            Object {
              "color": "#231B22",
              "fontFamily": "Rubik",
              "fontSize": 16,
              "fontWeight": "400",
              "lineHeight": 24,
            },
            Object {
              "fontWeight": "400",
              "marginBottom": 8,
              "minHeight": 40,
            },
          ]
        }
      >
        Foo
      </Text>
      <Text
        numberOfLines={2}
        style={
          Array [
            Object {
              "color": "#231B22",
              "fontFamily": "Rubik",
              "fontSize": 12,
              "fontWeight": "400",
              "lineHeight": 16,
            },
          ]
        }
      >
        Bar
      </Text>
    </View>
  </View>
</View>
`;

exports[`<GymCard.CheckIn /> Snapshots should match snapshot without avatar 1`] = `
<View
  elevation="0 2px 4px      rgba(152, 152, 166, 0.2)"
  style={
    Array [
      Object {
        "shadowColor": "rgba(152, 152, 166, 0.2)",
        "shadowOffset": Object {
          "height": 2,
          "width": 0,
        },
        "shadowOpacity": 1,
        "shadowRadius": 4,
      },
    ]
  }
>
  <View
    bRadius={8}
    bgColor="#FFFFFF"
    elevation="0 2px 4px      rgba(152, 152, 166, 0.2)"
    overflow="hidden"
    pb={16}
    pl={16}
    pr={16}
    pt={16}
    style={
      Array [
        Object {
          "backgroundColor": "#FFFFFF",
          "borderRadius": 8,
          "overflow": "hidden",
          "paddingBottom": 16,
          "paddingLeft": 16,
          "paddingRight": 16,
          "paddingTop": 16,
          "shadowColor": "rgba(152, 152, 166, 0.2)",
          "shadowOffset": Object {
            "height": 2,
            "width": 0,
          },
          "shadowOpacity": 1,
          "shadowRadius": 4,
        },
        Object {
          "minHeight": 204,
          "width": 160,
        },
      ]
    }
    variant=""
  >
    <View
      style={
        Array [
          Object {
            "flexDirection": "row",
            "justifyContent": "space-between",
            "marginBottom": 16,
          },
        ]
      }
    >
      <View
        style={
          Array [
            Object {
              "alignItems": "center",
              "borderColor": "#D7D7E0",
              "borderRadius": 8,
              "borderStyle": "solid",
              "borderWidth": 1,
              "height": 48,
              "justifyContent": "center",
              "width": 48,
            },
          ]
        }
      >
        <RNSVGSvgView
          bbHeight={26}
          bbWidth={24}
          fill="#9898A6"
          focusable={false}
          height={26}
          style={
            Array [
              Object {
                "backgroundColor": "transparent",
                "borderWidth": 0,
              },
              undefined,
              Object {
                "opacity": 1,
              },
              Object {
                "flex": 0,
                "height": 26,
                "width": 24,
              },
            ]
          }
          width={24}
        >
          <RNSVGGroup
            fill={
              Array [
                0,
                4288190630,
              ]
            }
            fillOpacity={1}
            fillRule={1}
            font={Object {}}
            matrix={
              Array [
                1,
                0,
                0,
                1,
                0,
                0,
              ]
            }
            opacity={1}
            originX={0}
            originY={0}
            propList={
              Array [
                "fill",
              ]
            }
            rotation={0}
            scaleX={1}
            scaleY={1}
            skewX={0}
            skewY={0}
            stroke={null}
            strokeDasharray={null}
            strokeDashoffset={null}
            strokeLinecap={0}
            strokeLinejoin={0}
            strokeMiterlimit={4}
            strokeOpacity={1}
            strokeWidth={1}
            vectorEffect={0}
            x={0}
            y={0}
          />
        </RNSVGSvgView>
      </View>
      <Text
        style={
          Array [
            Object {
              "color": "#231B22",
              "fontFamily": "Rubik",
              "fontSize": 12,
              "fontWeight": "400",
              "lineHeight": 16,
            },
          ]
        }
      >
        100 m
      </Text>
    </View>
    <View
      height={18}
      onLayout={[Function]}
      onMoveShouldSetResponder={[Function]}
      onMoveShouldSetResponderCapture={[Function]}
      onResponderEnd={[Function]}
      onResponderGrant={[Function]}
      onResponderMove={[Function]}
      onResponderReject={[Function]}
      onResponderRelease={[Function]}
      onResponderStart={[Function]}
      onResponderTerminate={[Function]}
      onResponderTerminationRequest={[Function]}
      onStartShouldSetResponder={[Function]}
      onStartShouldSetResponderCapture={[Function]}
      pointerEvents="none"
      style={
        Array [
          Object {
            "alignItems": "center",
            "flexDirection": "row",
            "height": 18,
            "justifyContent": "center",
            "width": 90,
          },
        ]
      }
      width={90}
    >
      <RNSVGSvgView
        bbHeight={18}
        bbWidth={18}
        fill="#FFC24C"
        focusable={false}
        height={18}
        style={
          Array [
            Object {
              "backgroundColor": "transparent",
              "borderWidth": 0,
            },
            undefined,
            Object {
              "opacity": 1,
            },
            Object {
              "flex": 0,
              "height": 18,
              "width": 18,
            },
          ]
        }
        width={18}
      >
        <RNSVGGroup
          fill={
            Array [
              0,
              4294951500,
            ]
          }
          fillOpacity={1}
          fillRule={1}
          font={Object {}}
          matrix={
            Array [
              1,
              0,
              0,
              1,
              0,
              0,
            ]
          }
          opacity={1}
          originX={0}
          originY={0}
          propList={
            Array [
              "fill",
            ]
          }
          rotation={0}
          scaleX={1}
          scaleY={1}
          skewX={0}
          skewY={0}
          stroke={null}
          strokeDasharray={null}
          strokeDashoffset={null}
          strokeLinecap={0}
          strokeLinejoin={0}
          strokeMiterlimit={4}
          strokeOpacity={1}
          strokeWidth={1}
          vectorEffect={0}
          x={0}
          y={0}
        />
      </RNSVGSvgView>
      <RNSVGSvgView
        bbHeight={18}
        bbWidth={18}
        fill="#FFC24C"
        focusable={false}
        height={18}
        style={
          Array [
            Object {
              "backgroundColor": "transparent",
              "borderWidth": 0,
            },
            undefined,
            Object {
              "opacity": 1,
            },
            Object {
              "flex": 0,
              "height": 18,
              "width": 18,
            },
          ]
        }
        width={18}
      >
        <RNSVGGroup
          fill={
            Array [
              0,
              4294951500,
            ]
          }
          fillOpacity={1}
          fillRule={1}
          font={Object {}}
          matrix={
            Array [
              1,
              0,
              0,
              1,
              0,
              0,
            ]
          }
          opacity={1}
          originX={0}
          originY={0}
          propList={
            Array [
              "fill",
            ]
          }
          rotation={0}
          scaleX={1}
          scaleY={1}
          skewX={0}
          skewY={0}
          stroke={null}
          strokeDasharray={null}
          strokeDashoffset={null}
          strokeLinecap={0}
          strokeLinejoin={0}
          strokeMiterlimit={4}
          strokeOpacity={1}
          strokeWidth={1}
          vectorEffect={0}
          x={0}
          y={0}
        />
      </RNSVGSvgView>
      <RNSVGSvgView
        bbHeight={18}
        bbWidth={18}
        fill="#FFC24C"
        focusable={false}
        height={18}
        style={
          Array [
            Object {
              "backgroundColor": "transparent",
              "borderWidth": 0,
            },
            undefined,
            Object {
              "opacity": 1,
            },
            Object {
              "flex": 0,
              "height": 18,
              "width": 18,
            },
          ]
        }
        width={18}
      >
        <RNSVGGroup
          fill={
            Array [
              0,
              4294951500,
            ]
          }
          fillOpacity={1}
          fillRule={1}
          font={Object {}}
          matrix={
            Array [
              1,
              0,
              0,
              1,
              0,
              0,
            ]
          }
          opacity={1}
          originX={0}
          originY={0}
          propList={
            Array [
              "fill",
            ]
          }
          rotation={0}
          scaleX={1}
          scaleY={1}
          skewX={0}
          skewY={0}
          stroke={null}
          strokeDasharray={null}
          strokeDashoffset={null}
          strokeLinecap={0}
          strokeLinejoin={0}
          strokeMiterlimit={4}
          strokeOpacity={1}
          strokeWidth={1}
          vectorEffect={0}
          x={0}
          y={0}
        />
      </RNSVGSvgView>
      <RNSVGSvgView
        bbHeight={18}
        bbWidth={18}
        fill="#FFC24C"
        focusable={false}
        height={18}
        style={
          Array [
            Object {
              "backgroundColor": "transparent",
              "borderWidth": 0,
            },
            undefined,
            Object {
              "opacity": 1,
            },
            Object {
              "flex": 0,
              "height": 18,
              "width": 18,
            },
          ]
        }
        width={18}
      >
        <RNSVGGroup
          fill={
            Array [
              0,
              4294951500,
            ]
          }
          fillOpacity={1}
          fillRule={1}
          font={Object {}}
          matrix={
            Array [
              1,
              0,
              0,
              1,
              0,
              0,
            ]
          }
          opacity={1}
          originX={0}
          originY={0}
          propList={
            Array [
              "fill",
            ]
          }
          rotation={0}
          scaleX={1}
          scaleY={1}
          skewX={0}
          skewY={0}
          stroke={null}
          strokeDasharray={null}
          strokeDashoffset={null}
          strokeLinecap={0}
          strokeLinejoin={0}
          strokeMiterlimit={4}
          strokeOpacity={1}
          strokeWidth={1}
          vectorEffect={0}
          x={0}
          y={0}
        />
      </RNSVGSvgView>
      <RNSVGSvgView
        bbHeight={18}
        bbWidth={18}
        fill="#FFC24C"
        focusable={false}
        height={18}
        style={
          Array [
            Object {
              "backgroundColor": "transparent",
              "borderWidth": 0,
            },
            undefined,
            Object {
              "opacity": 1,
            },
            Object {
              "flex": 0,
              "height": 18,
              "width": 18,
            },
          ]
        }
        width={18}
      >
        <RNSVGGroup
          fill={
            Array [
              0,
              4294951500,
            ]
          }
          fillOpacity={1}
          fillRule={1}
          font={Object {}}
          matrix={
            Array [
              1,
              0,
              0,
              1,
              0,
              0,
            ]
          }
          opacity={1}
          originX={0}
          originY={0}
          propList={
            Array [
              "fill",
            ]
          }
          rotation={0}
          scaleX={1}
          scaleY={1}
          skewX={0}
          skewY={0}
          stroke={null}
          strokeDasharray={null}
          strokeDashoffset={null}
          strokeLinecap={0}
          strokeLinejoin={0}
          strokeMiterlimit={4}
          strokeOpacity={1}
          strokeWidth={1}
          vectorEffect={0}
          x={0}
          y={0}
        />
      </RNSVGSvgView>
    </View>
    <View
      style={
        Array [
          Object {
            "marginTop": 16,
          },
        ]
      }
    >
      <Text
        inverted={false}
        light={false}
        numberOfLines={2}
        size="medium"
        style={
          Array [
            Object {
              "color": "#231B22",
              "fontFamily": "Rubik",
              "fontSize": 16,
              "fontWeight": "400",
              "lineHeight": 24,
            },
            Object {
              "fontWeight": "400",
              "marginBottom": 8,
              "minHeight": 40,
            },
          ]
        }
      >
        Foo
      </Text>
      <Text
        numberOfLines={2}
        style={
          Array [
            Object {
              "color": "#231B22",
              "fontFamily": "Rubik",
              "fontSize": 12,
              "fontWeight": "400",
              "lineHeight": 16,
            },
          ]
        }
      >
        Bar
      </Text>
    </View>
  </View>
</View>
`;
