// Jest Snapshot v1, https://goo.gl/fbAQLP

exports[`<Backdrop /> Snapshots should match snapshot 1`] = `null`;

exports[`<Backdrop /> Snapshots should match snapshot when visible 1`] = `
<Modal
  animationType="none"
  hardwareAccelerated={false}
  transparent={true}
  visible={true}
>
  <View
    accessible={true}
    collapsable={false}
    focusable={true}
    onClick={[Function]}
    onResponderGrant={[Function]}
    onResponderMove={[Function]}
    onResponderRelease={[Function]}
    onResponderTerminate={[Function]}
    onResponderTerminationRequest={[Function]}
    onStartShouldSetResponder={[Function]}
    style={
      Object {
        "backgroundColor": "#231B22",
        "height": "100%",
        "opacity": 0,
        "position": "relative",
        "width": "100%",
      }
    }
  />
  <View
    collapsable={false}
    style={
      Object {
        "bottom": -320,
        "justifyContent": "flex-end",
        "position": "absolute",
        "width": "100%",
      }
    }
  >
    <View
      style={
        Array [
          Object {
            "backgroundColor": "#FFFFFF",
            "borderTopLeftRadius": 8,
            "borderTopRightRadius": 8,
            "justifyContent": "center",
            "width": "100%",
          },
        ]
      }
    >
      <Text
        style={
          Array [
            Object {
              "color": "#231B22",
              "fontFamily": "Rubik",
              "fontSize": 16,
              "fontWeight": "700",
              "paddingBottom": 20,
              "paddingLeft": 0,
              "paddingRight": 0,
              "paddingTop": 20,
              "textAlign": "center",
              "width": "100%",
            },
          ]
        }
      >
        Find an Activity
      </Text>
      Some Content
    </View>
  </View>
</Modal>
`;
