// Jest Snapshot v1, https://goo.gl/fbAQLP

exports[`<Input.Email /> Snapshots should match with default input 1`] = `
<View
  full={false}
  style={
    [
      {
        "position": "relative",
        "width": 320,
      },
      {},
    ]
  }
>
  <TextInput
    autoCapitalize="none"
    autoCompleteType="email"
    cleanable={true}
    disabled={false}
    editable={true}
    focus={false}
    full={false}
    keyboardType="email-address"
    onBlur={[Function]}
    onFocus={[Function]}
    style={
      [
        {
          "borderColor": "#D7D7E0",
          "borderRadius": 8,
          "borderStyle": "solid",
          "borderWidth": 1,
          "color": "#6B6B78",
          "fontFamily": "Rubik",
          "fontSize": 14,
          "fontWeight": "400",
          "lineHeight": 20,
          "paddingBottom": 16,
          "paddingLeft": 16,
          "paddingRight": 52,
          "paddingTop": 16,
          "width": 320,
        },
        {
          "height": 52,
        },
      ]
    }
    textContentType="emailAddress"
    typed={false}
    value=""
  />
</View>
`;
