// Jest Snapshot v1, https://goo.gl/fbAQLP

exports[`<ActionRequirement /> should match snapshot 1`] = `
<View
  style={
    [
      {},
    ]
  }
>
  <View
    style={
      [
        {},
      ]
    }
  >
    <RNSVGSvgView
      bbHeight={375}
      bbWidth={375}
      focusable={false}
      height={375}
      style={
        [
          {
            "backgroundColor": "transparent",
            "borderWidth": 0,
          },
          undefined,
          {
            "opacity": 1,
          },
          {
            "flex": 0,
            "height": 375,
            "width": 375,
          },
        ]
      }
      width={375}
    >
      <RNSVGGroup
        fill={
          [
            0,
            4278190080,
          ]
        }
        fillOpacity={1}
        fillRule={1}
        font={{}}
        matrix={
          [
            1,
            0,
            0,
            1,
            0,
            0,
          ]
        }
        opacity={1}
        originX={0}
        originY={0}
        propList={[]}
        rotation={0}
        scaleX={1}
        scaleY={1}
        skewX={0}
        skewY={0}
        stroke={null}
        strokeDasharray={null}
        strokeDashoffset={null}
        strokeLinecap={0}
        strokeLinejoin={0}
        strokeMiterlimit={4}
        strokeOpacity={1}
        strokeWidth={1}
        vectorEffect={0}
        x={0}
        y={0}
      />
    </RNSVGSvgView>
  </View>
  <Text
    bold={true}
    style={
      [
        {
          "color": "#231B22",
          "fontFamily": "Rubik",
          "fontSize": 24,
          "fontWeight": "500",
          "lineHeight": 32,
        },
      ]
    }
  >
    Welcome to the world of feeling good!
  </Text>
  <Text
    color="deep"
    mt="small"
    style={
      [
        {
          "color": "#6B6B78",
          "fontFamily": "Rubik",
          "fontSize": 16,
          "fontWeight": "400",
          "lineHeight": 24,
          "marginTop": 16,
        },
      ]
    }
  >
    Lets make it a good day!
  </Text>
  <Text
    color="deep"
    mt="small"
    style={
      [
        {
          "color": "#6B6B78",
          "fontFamily": "Rubik",
          "fontSize": 16,
          "fontWeight": "400",
          "lineHeight": 24,
          "marginTop": 16,
        },
      ]
    }
  >
    <View
      mt="xxxlarge"
      style={
        [
          {
            "marginTop": 56,
          },
        ]
      }
    >
      <Text
        bold={false}
        fontSize="medium"
        inverted={false}
        light={false}
        style={
          [
            {
              "color": "#231B22",
              "fontFamily": "Rubik",
              "fontSize": 16,
              "fontWeight": "400",
              "lineHeight": 24,
            },
          ]
        }
      >
        <RNSVGSvgView
          focusable={false}
          style={
            [
              {
                "backgroundColor": "transparent",
                "borderWidth": 0,
              },
              undefined,
              {
                "opacity": 1,
              },
              null,
            ]
          }
        >
          <RNSVGGroup
            fill={
              [
                0,
                4278190080,
              ]
            }
            fillOpacity={1}
            fillRule={1}
            font={{}}
            matrix={
              [
                1,
                0,
                0,
                1,
                0,
                0,
              ]
            }
            opacity={1}
            originX={0}
            originY={0}
            propList={[]}
            rotation={0}
            scaleX={1}
            scaleY={1}
            skewX={0}
            skewY={0}
            stroke={null}
            strokeDasharray={null}
            strokeDashoffset={null}
            strokeLinecap={0}
            strokeLinejoin={0}
            strokeMiterlimit={4}
            strokeOpacity={1}
            strokeWidth={1}
            vectorEffect={0}
            x={0}
            y={0}
          />
        </RNSVGSvgView>
         1x/day standard access
      </Text>
      <Text
        bold={false}
        fontSize="medium"
        inverted={false}
        light={false}
        mt="small"
        style={
          [
            {
              "color": "#231B22",
              "fontFamily": "Rubik",
              "fontSize": 16,
              "fontWeight": "400",
              "lineHeight": 24,
              "marginTop": 16,
            },
          ]
        }
      >
        <RNSVGSvgView
          focusable={false}
          style={
            [
              {
                "backgroundColor": "transparent",
                "borderWidth": 0,
              },
              undefined,
              {
                "opacity": 1,
              },
              null,
            ]
          }
        >
          <RNSVGGroup
            fill={
              [
                0,
                4278190080,
              ]
            }
            fillOpacity={1}
            fillRule={1}
            font={{}}
            matrix={
              [
                1,
                0,
                0,
                1,
                0,
                0,
              ]
            }
            opacity={1}
            originX={0}
            originY={0}
            propList={[]}
            rotation={0}
            scaleX={1}
            scaleY={1}
            skewX={0}
            skewY={0}
            stroke={null}
            strokeDasharray={null}
            strokeDashoffset={null}
            strokeLinecap={0}
            strokeLinejoin={0}
            strokeMiterlimit={4}
            strokeOpacity={1}
            strokeWidth={1}
            vectorEffect={0}
            x={0}
            y={0}
          />
        </RNSVGSvgView>
         4x/month 1-on-1 sessions
      </Text>
      <Text
        bold={false}
        fontSize="medium"
        inverted={false}
        light={false}
        mt="small"
        style={
          [
            {
              "color": "#231B22",
              "fontFamily": "Rubik",
              "fontSize": 16,
              "fontWeight": "400",
              "lineHeight": 24,
              "marginTop": 16,
            },
          ]
        }
      >
        <RNSVGSvgView
          focusable={false}
          style={
            [
              {
                "backgroundColor": "transparent",
                "borderWidth": 0,
              },
              undefined,
              {
                "opacity": 1,
              },
              null,
            ]
          }
        >
          <RNSVGGroup
            fill={
              [
                0,
                4278190080,
              ]
            }
            fillOpacity={1}
            fillRule={1}
            font={{}}
            matrix={
              [
                1,
                0,
                0,
                1,
                0,
                0,
              ]
            }
            opacity={1}
            originX={0}
            originY={0}
            propList={[]}
            rotation={0}
            scaleX={1}
            scaleY={1}
            skewX={0}
            skewY={0}
            stroke={null}
            strokeDasharray={null}
            strokeDashoffset={null}
            strokeLinecap={0}
            strokeLinejoin={0}
            strokeMiterlimit={4}
            strokeOpacity={1}
            strokeWidth={1}
            vectorEffect={0}
            x={0}
            y={0}
          />
        </RNSVGSvgView>
         2x/month premium classes
      </Text>
    </View>
  </Text>
  <View
    mt="xxxlarge"
    style={
      [
        {
          "marginTop": 56,
        },
      ]
    }
  >
    <View
      alignItems="center"
      display="flex"
      flexDirection="row"
      style={
        [
          {
            "alignItems": "center",
            "display": "flex",
            "flexDirection": "row",
          },
        ]
      }
    >
      <View>
        <View
          accessibilityState={
            {
              "busy": undefined,
              "checked": undefined,
              "disabled": false,
              "expanded": undefined,
              "selected": undefined,
            }
          }
          accessible={true}
          focusable={false}
          onClick={[Function]}
          onResponderGrant={[Function]}
          onResponderMove={[Function]}
          onResponderRelease={[Function]}
          onResponderTerminate={[Function]}
          onResponderTerminationRequest={[Function]}
          onStartShouldSetResponder={[Function]}
          style={
            [
              {
                "alignItems": "center",
                "flexDirection": "row",
              },
              {},
            ]
          }
        >
          <View
            style={
              [
                {
                  "alignItems": "center",
                  "height": 24,
                  "justifyContent": "center",
                  "width": 24,
                },
              ]
            }
          >
            <View
              checked={false}
              disabled={false}
              inverted={false}
              pressed={false}
              style={
                [
                  {
                    "backgroundColor": "transparent",
                    "borderColor": "#D8385E",
                    "borderRadius": 4,
                    "borderStyle": "solid",
                    "borderWidth": 2,
                    "height": 24,
                    "position": "absolute",
                    "width": 24,
                  },
                ]
              }
            />
          </View>
        </View>
      </View>
      <Text
        bold={false}
        fontSize="medium"
        inverted={false}
        light={false}
        style={
          [
            {
              "color": "#231B22",
              "fontFamily": "Rubik",
              "fontSize": 16,
              "fontWeight": "400",
              "lineHeight": 24,
            },
          ]
        }
      >
        I have read and agree to the Terms of Use and Privacy Policy.
      </Text>
    </View>
  </View>
  <View />
</View>
`;

exports[`<ActionRequirement /> should match snapshot with text display 1`] = `
<View
  style={
    [
      {},
    ]
  }
>
  <Text
    style={
      [
        {
          "color": "#231B22",
          "fontFamily": "NaN Holo Condensed",
          "fontSize": 40,
          "fontWeight": "700",
          "lineHeight": 40,
        },
      ]
    }
  >
    Welcome to the world of feeling good!
  </Text>
  <Text
    color="deep"
    mt="small"
    style={
      [
        {
          "color": "#6B6B78",
          "fontFamily": "Rubik",
          "fontSize": 16,
          "fontWeight": "400",
          "lineHeight": 24,
          "marginTop": 16,
        },
      ]
    }
  >
    Lets make it a good day!
  </Text>
  <View />
</View>
`;
