// Jest Snapshot v1, https://goo.gl/fbAQLP

exports[`<PlanCard /> Snapshots should match snapshot with default PlanCard 1`] = `
.c15 {
  width: 100%;
  display: -webkit-box;
  display: -webkit-flex;
  display: -ms-flexbox;
  display: flex;
  -webkit-align-items: flex-start;
  -webkit-box-align: flex-start;
  -ms-flex-align: flex-start;
  align-items: flex-start;
}

.c17 {
  width: 16px;
  height: 16px;
}

.c21 {
  box-sizing: border-box;
  text-align: center;
  outline: none;
  -webkit-transition: all 0.2s;
  transition: all 0.2s;
  cursor: pointer;
  display: -webkit-box;
  display: -webkit-flex;
  display: -ms-flexbox;
  display: flex;
  -webkit-align-items: center;
  -webkit-box-align: center;
  -ms-flex-align: center;
  align-items: center;
  -webkit-box-pack: center;
  -webkit-justify-content: center;
  -ms-flex-pack: center;
  justify-content: center;
  width: 100%;
  height: 48px;
  padding-left: 24px;
  padding-right: 24px;
  background-color: #D8385E;
  border: none;
  border-radius: 9999px;
  color: #FFFFFF;
  font-size: 16px;
  font-weight: 500;
  font-family: Rubik;
  -webkit-letter-spacing: normal;
  -moz-letter-spacing: normal;
  -ms-letter-spacing: normal;
  letter-spacing: normal;
  line-height: 1;
  -webkit-text-decoration: none;
  text-decoration: none;
}

.c21 svg {
  width: 24px;
  height: 24px;
  fill: #FFFFFF;
  margin-right: 8px;
  -webkit-transition: fill 0.2s;
  transition: fill 0.2s;
}

.c21:not([disabled]):hover,
.c21:not([disabled]):focus {
  box-shadow: 0 4px 8px rgba(216,56,94,0.45);
}

.c21:active {
  background-color: rgba(216,56,94,0.75);
  color: #FFFFFF;
}

.c21:active svg {
  fill: #FFFFFF;
}

.c9 {
  margin: 0;
  padding: 0;
  font-size: 24px;
  line-height: 32px;
  color: #231B22;
  font-family: Rubik;
  font-weight: 500;
}

.c20 {
  margin-top: 24px;
}

.c6 {
  margin: 0;
  padding: 0;
  font-size: 12px;
  line-height: 16px;
  color: #231B22;
  font-family: Rubik;
  font-weight: 400;
  text-transform: uppercase;
  margin-bottom: 8px;
  color: #6B6B78;
  font-weight: 500;
}

.c11 {
  width: 100%;
  border-width: 0px;
  border-left-width: 0px;
  border-bottom-width: 1px;
  border-color: #D7D7E0;
}

.c5 {
  -webkit-flex: 1;
  -ms-flex: 1;
  flex: 1;
}

.c7 {
  margin: 0;
  padding: 0;
  font-size: 16px;
  color: #231B22;
  font-family: Rubik;
  font-weight: 500;
  color: #231B22;
  margin-bottom: 8px;
  line-height: 24px;
}

.c8 {
  display: -webkit-box;
  display: -webkit-flex;
  display: -ms-flexbox;
  display: flex;
  margin-bottom: 24px;
}

.c10 {
  margin: 0;
  padding: 0;
  font-size: 16px;
  color: #231B22;
  font-family: Rubik;
  font-weight: 500;
  -webkit-align-self: center;
  -ms-flex-item-align: center;
  align-self: center;
}

.c0 {
  width: 100%;
  display: -webkit-box;
  display: -webkit-flex;
  display: -ms-flexbox;
  display: flex;
  -webkit-flex-direction: column;
  -ms-flex-direction: column;
  flex-direction: column;
  position: relative;
  max-width: 312px;
  overflow: hidden;
  padding: 56px 24px 24px 24px;
  border: 1px solid #D7D7E0;
  border-radius: 16px;
  background-color: #FFFFFF;
}

.c1 {
  position: absolute;
  top: 0;
  left: 0;
  display: inline-block;
  width: 100%;
  height: 4px;
  background-color: #710252;
}

.c1::before {
  position: absolute;
  height: 112px;
  width: 112px;
  content: '';
  background: radial-gradient( 50% 50% at 50% 50%, #FFFFFF 0%, transparent 100% );
  border-radius: 50%;
  left: 24px;
  top: -84px;
  opacity: 0.8;
}

.c2 {
  display: -webkit-inline-box;
  display: -webkit-inline-flex;
  display: -ms-inline-flexbox;
  display: inline-flex;
  -webkit-box-pack: center;
  -webkit-justify-content: center;
  -ms-flex-pack: center;
  justify-content: center;
  -webkit-align-items: center;
  -webkit-box-align: center;
  -ms-flex-align: center;
  align-items: center;
  border-style: solid;
  padding: 0 4px 0 4px;
  color: #5340C9;
  border-radius: 4px;
  border-width: 1px;
  border-color: #5340C9;
  font-size: 12px;
  line-height: 16px;
  font-weight: 500;
}

.c3 {
  -webkit-box-pack: center;
  -webkit-justify-content: center;
  -ms-flex-pack: center;
  justify-content: center;
  -webkit-align-items: center;
  -webkit-box-align: center;
  -ms-flex-align: center;
  align-items: center;
  background-color: #E0DFFF;
  color: #231B22;
  border-radius: 4px;
  border-color: #E0DFFF;
  font-size: 12px;
  font-weight: 500;
}

.c4 {
  position: absolute;
  display: -webkit-inline-box;
  display: -webkit-inline-flex;
  display: -ms-inline-flexbox;
  display: inline-flex;
  -webkit-align-items: center;
  -webkit-box-align: center;
  -ms-flex-align: center;
  align-items: center;
  -webkit-box-pack: center;
  -webkit-justify-content: center;
  -ms-flex-pack: center;
  justify-content: center;
  top: 28px;
  left: 24px;
}

.c12 {
  margin: 24px 0 0;
  padding: 0;
  list-style: none;
}

.c16 {
  display: -webkit-box;
  display: -webkit-flex;
  display: -ms-flexbox;
  display: flex;
  -webkit-align-items: center;
  -webkit-box-align: center;
  -ms-flex-align: center;
  align-items: center;
  margin-right: 8px;
  min-height: 20px;
}

.c13:not(:last-child) {
  margin-bottom: 16px;
}

.c14 {
  display: -webkit-box;
  display: -webkit-flex;
  display: -ms-flexbox;
  display: flex;
  -webkit-flex-direction: column;
  -ms-flex-direction: column;
  flex-direction: column;
  width: 100%;
}

.c14 svg {
  -webkit-flex-shrink: 0;
  -ms-flex-negative: 0;
  flex-shrink: 0;
}

.c18 {
  margin: 0;
  padding: 0;
  font-size: 14px;
  line-height: 20px;
  color: #231B22;
  font-family: Rubik;
  font-weight: 400;
  display: inline-block;
  height: 100%;
  vertical-align: middle;
  color: #231B22;
  white-space: nowrap;
  overflow: hidden;
  text-overflow: ellipsis;
}

.c19 {
  display: block;
  padding: 0;
  margin-top: 12px;
  width: 100%;
  -webkit-letter-spacing: normal;
  -moz-letter-spacing: normal;
  -ms-letter-spacing: normal;
  letter-spacing: normal;
  background-color: transparent;
  border: none;
  font-family: Rubik;
  font-size: 12px;
  font-weight: 500;
  color: #231B22;
  cursor: pointer;
  -webkit-text-decoration: none;
  text-decoration: none;
  text-align: left;
  outline: none;
  white-space: nowrap;
  overflow: hidden;
  text-overflow: ellipsis;
}

<div>
  <article
    class="c0"
  >
    <span
      class="c1"
    />
    <div
      class="c2 c3 c4"
    >
      Recommended Plan
    </div>
    <div
      class="c5"
    >
      <p
        class="c6"
      >
        plan
      </p>
      <p
        class="c7"
      >
        Basic
      </p>
      <div
        class="c8"
      >
        <sup
          class="c9"
        >
          $
        </sup>
        <strong
          class="c9"
        >
          99.90
        </strong>
        <sub
          class="c10"
        >
          /month
        </sub>
      </div>
      <hr
        class="c11"
      />
      <p
        class="c6"
      >
        Get access to
      </p>
      <ul
        class="c12"
      >
        <li
          class="c13"
        >
          <div
            class="c14"
          >
            <div
              class="c15"
              display="flex"
              width="100%"
            >
              <div
                class="c16"
              >
                <svg
                  aria-hidden="true"
                  class="c17"
                  height="16"
                  stroke="#9898A6"
                  width="16"
                />
              </div>
              <span
                class="c18"
              >
                gyms and studios
              </span>
            </div>
          </div>
        </li>
        <li
          class="c13"
        >
          <div
            class="c14"
          >
            <div
              class="c15"
              display="flex"
              width="100%"
            >
              <div
                class="c16"
              >
                <svg
                  fill="#231B22"
                  height="16"
                  width="16"
                />
              </div>
              <span
                class="c18"
              >
                list item
              </span>
            </div>
          </div>
          <a
            class="c19"
          >
            button
          </a>
        </li>
      </ul>
    </div>
    <footer
      class="c20"
    >
      <button
        class="c21"
      >
        Select this plan
      </button>
    </footer>
  </article>
</div>
`;

exports[`<PlanCard /> Snapshots should match snapshot with suffix 1`] = `
.c6 {
  margin: 0;
  padding: 0;
  font-size: 24px;
  line-height: 32px;
  color: #231B22;
  font-family: Rubik;
  font-weight: 500;
}

.c3 {
  margin: 0;
  padding: 0;
  font-size: 12px;
  line-height: 16px;
  color: #231B22;
  font-family: Rubik;
  font-weight: 400;
  text-transform: uppercase;
  margin-bottom: 8px;
  color: #6B6B78;
  font-weight: 500;
}

.c8 {
  width: 100%;
  border-width: 0px;
  border-left-width: 0px;
  border-bottom-width: 1px;
  border-color: #D7D7E0;
}

.c2 {
  -webkit-flex: 1;
  -ms-flex: 1;
  flex: 1;
}

.c4 {
  margin: 0;
  padding: 0;
  font-size: 16px;
  color: #231B22;
  font-family: Rubik;
  font-weight: 500;
  color: #231B22;
  margin-bottom: 8px;
  line-height: 24px;
}

.c5 {
  display: -webkit-box;
  display: -webkit-flex;
  display: -ms-flexbox;
  display: flex;
  margin-bottom: 24px;
}

.c7 {
  margin: 0;
  padding: 0;
  font-size: 16px;
  color: #231B22;
  font-family: Rubik;
  font-weight: 500;
  -webkit-align-self: center;
  -ms-flex-item-align: center;
  align-self: center;
}

.c0 {
  width: 100%;
  display: -webkit-box;
  display: -webkit-flex;
  display: -ms-flexbox;
  display: flex;
  -webkit-flex-direction: column;
  -ms-flex-direction: column;
  flex-direction: column;
  position: relative;
  max-width: 312px;
  overflow: hidden;
  padding: 56px 24px 24px 24px;
  border: 1px solid #D7D7E0;
  border-radius: 16px;
  background-color: #FFFFFF;
}

.c1 {
  position: absolute;
  top: 0;
  left: 0;
  display: inline-block;
  width: 100%;
  height: 4px;
  background-color: #1D856C;
}

.c1::before {
  position: absolute;
  height: 112px;
  width: 112px;
  content: '';
  background: radial-gradient( 50% 50% at 50% 50%, #FFFFFF 0%, transparent 100% );
  border-radius: 50%;
  left: 24px;
  top: -84px;
  opacity: 0.8;
}

<div>
  <article
    class="c0"
  >
    <span
      class="c1"
    />
    <div
      class="c2"
    >
      <p
        class="c3"
      >
        plan
      </p>
      <p
        class="c4"
      >
        Basic
      </p>
      <div
        class="c5"
      >
        <sup
          class="c6"
        >
          $
        </sup>
        <strong
          class="c6"
        >
          99.90
        </strong>
        <sup
          class="c6"
        >
          MXN
        </sup>
        <sub
          class="c7"
        >
          /month
        </sub>
      </div>
      <hr
        class="c8"
      />
    </div>
  </article>
</div>
`;

exports[`<PlanCard /> Snapshots should match snapshot with variant 1`] = `
.c6 {
  margin: 0;
  padding: 0;
  font-size: 24px;
  line-height: 32px;
  color: #231B22;
  font-family: Rubik;
  font-weight: 500;
}

.c3 {
  margin: 0;
  padding: 0;
  font-size: 12px;
  line-height: 16px;
  color: #231B22;
  font-family: Rubik;
  font-weight: 400;
  text-transform: uppercase;
  margin-bottom: 8px;
  color: #6B6B78;
  font-weight: 500;
}

.c8 {
  width: 100%;
  border-width: 0px;
  border-left-width: 0px;
  border-bottom-width: 1px;
  border-color: #D7D7E0;
}

.c2 {
  -webkit-flex: 1;
  -ms-flex: 1;
  flex: 1;
}

.c4 {
  margin: 0;
  padding: 0;
  font-size: 16px;
  color: #231B22;
  font-family: Rubik;
  font-weight: 500;
  color: #231B22;
  margin-bottom: 8px;
  line-height: 24px;
}

.c5 {
  display: -webkit-box;
  display: -webkit-flex;
  display: -ms-flexbox;
  display: flex;
  margin-bottom: 24px;
}

.c7 {
  margin: 0;
  padding: 0;
  font-size: 16px;
  color: #231B22;
  font-family: Rubik;
  font-weight: 500;
  -webkit-align-self: center;
  -ms-flex-item-align: center;
  align-self: center;
}

.c0 {
  width: 100%;
  display: -webkit-box;
  display: -webkit-flex;
  display: -ms-flexbox;
  display: flex;
  -webkit-flex-direction: column;
  -ms-flex-direction: column;
  flex-direction: column;
  position: relative;
  max-width: 312px;
  overflow: hidden;
  padding: 56px 24px 24px 24px;
  border: 1px solid #D7D7E0;
  border-radius: 16px;
  background-color: #FFFFFF;
}

.c1 {
  position: absolute;
  top: 0;
  left: 0;
  display: inline-block;
  width: 100%;
  height: 4px;
  background-color: #1D856C;
}

.c1::before {
  position: absolute;
  height: 112px;
  width: 112px;
  content: '';
  background: radial-gradient( 50% 50% at 50% 50%, #FFFFFF 0%, transparent 100% );
  border-radius: 50%;
  left: 24px;
  top: -84px;
  opacity: 0.8;
}

<div>
  <article
    class="c0"
  >
    <span
      class="c1"
    />
    <div
      class="c2"
    >
      <p
        class="c3"
      >
        plan
      </p>
      <p
        class="c4"
      >
        Basic
      </p>
      <div
        class="c5"
      >
        <sup
          class="c6"
        >
          $
        </sup>
        <strong
          class="c6"
        >
          99.90
        </strong>
        <sub
          class="c7"
        >
          /month
        </sub>
      </div>
      <hr
        class="c8"
      />
    </div>
  </article>
</div>
`;

exports[`<PlanCard /> Snapshots should render list item content as button 1`] = `
.c15 {
  width: 100%;
  display: -webkit-box;
  display: -webkit-flex;
  display: -ms-flexbox;
  display: flex;
  -webkit-align-items: flex-start;
  -webkit-box-align: flex-start;
  -ms-flex-align: flex-start;
  align-items: flex-start;
}

.c17 {
  width: 16px;
  height: 16px;
}

.c21 {
  box-sizing: border-box;
  text-align: center;
  outline: none;
  -webkit-transition: all 0.2s;
  transition: all 0.2s;
  cursor: pointer;
  display: -webkit-box;
  display: -webkit-flex;
  display: -ms-flexbox;
  display: flex;
  -webkit-align-items: center;
  -webkit-box-align: center;
  -ms-flex-align: center;
  align-items: center;
  -webkit-box-pack: center;
  -webkit-justify-content: center;
  -ms-flex-pack: center;
  justify-content: center;
  width: 100%;
  height: 48px;
  padding-left: 24px;
  padding-right: 24px;
  background-color: #D8385E;
  border: none;
  border-radius: 9999px;
  color: #FFFFFF;
  font-size: 16px;
  font-weight: 500;
  font-family: Rubik;
  -webkit-letter-spacing: normal;
  -moz-letter-spacing: normal;
  -ms-letter-spacing: normal;
  letter-spacing: normal;
  line-height: 1;
  -webkit-text-decoration: none;
  text-decoration: none;
}

.c21 svg {
  width: 24px;
  height: 24px;
  fill: #FFFFFF;
  margin-right: 8px;
  -webkit-transition: fill 0.2s;
  transition: fill 0.2s;
}

.c21:not([disabled]):hover,
.c21:not([disabled]):focus {
  box-shadow: 0 4px 8px rgba(216,56,94,0.45);
}

.c21:active {
  background-color: rgba(216,56,94,0.75);
  color: #FFFFFF;
}

.c21:active svg {
  fill: #FFFFFF;
}

.c9 {
  margin: 0;
  padding: 0;
  font-size: 24px;
  line-height: 32px;
  color: #231B22;
  font-family: Rubik;
  font-weight: 500;
}

.c20 {
  margin-top: 24px;
}

.c6 {
  margin: 0;
  padding: 0;
  font-size: 12px;
  line-height: 16px;
  color: #231B22;
  font-family: Rubik;
  font-weight: 400;
  text-transform: uppercase;
  margin-bottom: 8px;
  color: #6B6B78;
  font-weight: 500;
}

.c11 {
  width: 100%;
  border-width: 0px;
  border-left-width: 0px;
  border-bottom-width: 1px;
  border-color: #D7D7E0;
}

.c5 {
  -webkit-flex: 1;
  -ms-flex: 1;
  flex: 1;
}

.c7 {
  margin: 0;
  padding: 0;
  font-size: 16px;
  color: #231B22;
  font-family: Rubik;
  font-weight: 500;
  color: #231B22;
  margin-bottom: 8px;
  line-height: 24px;
}

.c8 {
  display: -webkit-box;
  display: -webkit-flex;
  display: -ms-flexbox;
  display: flex;
  margin-bottom: 24px;
}

.c10 {
  margin: 0;
  padding: 0;
  font-size: 16px;
  color: #231B22;
  font-family: Rubik;
  font-weight: 500;
  -webkit-align-self: center;
  -ms-flex-item-align: center;
  align-self: center;
}

.c0 {
  width: 100%;
  display: -webkit-box;
  display: -webkit-flex;
  display: -ms-flexbox;
  display: flex;
  -webkit-flex-direction: column;
  -ms-flex-direction: column;
  flex-direction: column;
  position: relative;
  max-width: 312px;
  overflow: hidden;
  padding: 56px 24px 24px 24px;
  border: 1px solid #D7D7E0;
  border-radius: 16px;
  background-color: #FFFFFF;
}

.c1 {
  position: absolute;
  top: 0;
  left: 0;
  display: inline-block;
  width: 100%;
  height: 4px;
  background-color: #710252;
}

.c1::before {
  position: absolute;
  height: 112px;
  width: 112px;
  content: '';
  background: radial-gradient( 50% 50% at 50% 50%, #FFFFFF 0%, transparent 100% );
  border-radius: 50%;
  left: 24px;
  top: -84px;
  opacity: 0.8;
}

.c2 {
  display: -webkit-inline-box;
  display: -webkit-inline-flex;
  display: -ms-inline-flexbox;
  display: inline-flex;
  -webkit-box-pack: center;
  -webkit-justify-content: center;
  -ms-flex-pack: center;
  justify-content: center;
  -webkit-align-items: center;
  -webkit-box-align: center;
  -ms-flex-align: center;
  align-items: center;
  border-style: solid;
  padding: 0 4px 0 4px;
  color: #5340C9;
  border-radius: 4px;
  border-width: 1px;
  border-color: #5340C9;
  font-size: 12px;
  line-height: 16px;
  font-weight: 500;
}

.c3 {
  -webkit-box-pack: center;
  -webkit-justify-content: center;
  -ms-flex-pack: center;
  justify-content: center;
  -webkit-align-items: center;
  -webkit-box-align: center;
  -ms-flex-align: center;
  align-items: center;
  background-color: #E0DFFF;
  color: #231B22;
  border-radius: 4px;
  border-color: #E0DFFF;
  font-size: 12px;
  font-weight: 500;
}

.c4 {
  position: absolute;
  display: -webkit-inline-box;
  display: -webkit-inline-flex;
  display: -ms-inline-flexbox;
  display: inline-flex;
  -webkit-align-items: center;
  -webkit-box-align: center;
  -ms-flex-align: center;
  align-items: center;
  -webkit-box-pack: center;
  -webkit-justify-content: center;
  -ms-flex-pack: center;
  justify-content: center;
  top: 28px;
  left: 24px;
}

.c12 {
  margin: 24px 0 0;
  padding: 0;
  list-style: none;
}

.c16 {
  display: -webkit-box;
  display: -webkit-flex;
  display: -ms-flexbox;
  display: flex;
  -webkit-align-items: center;
  -webkit-box-align: center;
  -ms-flex-align: center;
  align-items: center;
  margin-right: 8px;
  min-height: 20px;
}

.c13:not(:last-child) {
  margin-bottom: 16px;
}

.c14 {
  display: -webkit-box;
  display: -webkit-flex;
  display: -ms-flexbox;
  display: flex;
  -webkit-flex-direction: column;
  -ms-flex-direction: column;
  flex-direction: column;
  width: 100%;
  border: none;
  padding: 0;
  background: transparent;
  cursor: pointer;
  text-align: start;
}

.c14 svg {
  -webkit-flex-shrink: 0;
  -ms-flex-negative: 0;
  flex-shrink: 0;
}

.c18 {
  margin: 0;
  padding: 0;
  font-size: 14px;
  line-height: 20px;
  color: #231B22;
  font-family: Rubik;
  font-weight: 400;
  display: inline-block;
  height: 100%;
  vertical-align: middle;
  color: #231B22;
  white-space: nowrap;
  overflow: hidden;
  text-overflow: ellipsis;
}

.c19 {
  display: block;
  padding: 0;
  margin-top: 12px;
  width: 100%;
  -webkit-letter-spacing: normal;
  -moz-letter-spacing: normal;
  -ms-letter-spacing: normal;
  letter-spacing: normal;
  background-color: transparent;
  border: none;
  font-family: Rubik;
  font-size: 12px;
  font-weight: 500;
  color: #231B22;
  cursor: pointer;
  -webkit-text-decoration: none;
  text-decoration: none;
  text-align: left;
  outline: none;
  white-space: nowrap;
  overflow: hidden;
  text-overflow: ellipsis;
}

<div>
  <article
    class="c0"
  >
    <span
      class="c1"
    />
    <div
      class="c2 c3 c4"
    >
      Recommended Plan
    </div>
    <div
      class="c5"
    >
      <p
        class="c6"
      >
        plan
      </p>
      <p
        class="c7"
      >
        Basic
      </p>
      <div
        class="c8"
      >
        <sup
          class="c9"
        >
          $
        </sup>
        <strong
          class="c9"
        >
          99.90
        </strong>
        <sub
          class="c10"
        >
          /month
        </sub>
      </div>
      <hr
        class="c11"
      />
      <p
        class="c6"
      >
        Get access to
      </p>
      <ul
        class="c12"
      >
        <li
          class="c13"
        >
          <button
            class="c14"
            type="button"
          >
            <div
              class="c15"
              display="flex"
              width="100%"
            >
              <div
                class="c16"
              >
                <svg
                  aria-hidden="true"
                  class="c17"
                  height="16"
                  stroke="#9898A6"
                  width="16"
                />
              </div>
              <span
                class="c18"
              >
                gyms and studios
              </span>
            </div>
          </button>
        </li>
        <li
          class="c13"
        >
          <button
            class="c14"
            type="button"
          >
            <div
              class="c15"
              display="flex"
              width="100%"
            >
              <div
                class="c16"
              >
                <svg
                  fill="#231B22"
                  height="16"
                  width="16"
                />
              </div>
              <span
                class="c18"
              >
                list item
              </span>
            </div>
          </button>
          <a
            class="c19"
          >
            button
          </a>
        </li>
      </ul>
    </div>
    <footer
      class="c20"
    >
      <button
        class="c21"
      >
        Select this plan
      </button>
    </footer>
  </article>
</div>
`;

exports[`<PlanCard /> Snapshots should render the discount 1`] = `
.c2 {
  margin: 0;
  padding: 0;
  font-size: 12px;
  line-height: 16px;
  color: #231B22;
  font-family: Rubik;
  font-weight: 400;
  color: #FFFFFF;
  font-weight: 500;
}

.c6 {
  width: 100%;
  border-width: 0px;
  border-left-width: 0px;
  border-bottom-width: 1px;
  border-color: #D7D7E0;
}

.c4 {
  -webkit-flex: 1;
  -ms-flex: 1;
  flex: 1;
}

.c5 {
  margin: 0;
  padding: 0;
  font-size: 16px;
  color: #231B22;
  font-family: Rubik;
  font-weight: 500;
  color: #231B22;
  margin-bottom: 8px;
  line-height: 24px;
}

.c0 {
  width: 100%;
  display: -webkit-box;
  display: -webkit-flex;
  display: -ms-flexbox;
  display: flex;
  -webkit-flex-direction: column;
  -ms-flex-direction: column;
  flex-direction: column;
  position: relative;
  max-width: 312px;
  overflow: hidden;
  padding: 56px 24px 24px 24px;
  border: 1px solid #D7D7E0;
  border-radius: 16px;
  background-color: #FFFFFF;
}

.c3 {
  position: absolute;
  top: 0;
  left: 0;
  display: inline-block;
  width: 100%;
  height: 4px;
  background-color: #FFC24C;
}

.c3::before {
  position: absolute;
  height: 112px;
  width: 112px;
  content: '';
  background: radial-gradient( 50% 50% at 50% 50%, #FFFFFF 0%, transparent 100% );
  border-radius: 50%;
  left: 24px;
  top: -84px;
  opacity: 0.8;
}

.c3::after {
  position: absolute;
  height: 112px;
  width: 112px;
  content: '';
  background: radial-gradient( 50% 50% at 50% 50%, #FFFFFF 0%, transparent 100% );
  border-radius: 50%;
  top: -88px;
  right: 24px;
  opacity: 0.5;
}

.c1 {
  background-color: #FFC24C;
  padding-left: 12px;
  padding-right: 12px;
  padding-top: 4px;
  padding-bottom: 4px;
  position: absolute;
  top: 0;
  right: 0;
  display: -webkit-box;
  display: -webkit-flex;
  display: -ms-flexbox;
  display: flex;
  -webkit-align-items: center;
  -webkit-box-align: center;
  -ms-flex-align: center;
  align-items: center;
  min-height: 28px;
  border-bottom-left-radius: 16px;
}

.c1::before {
  content: '';
  position: absolute;
  left: -28px;
  height: 10px;
  width: 28px;
  top: 4px;
  background: transparent;
  border-top-right-radius: 16px;
  box-shadow: #FFC24C 12px -1px;
}

<div>
  <article
    class="c0"
  >
    <div
      class="c1"
    >
      <p
        class="c2"
        color="white"
        font-weight="medium"
      >
        SAVE 40%
      </p>
    </div>
    <span
      class="c3"
    />
    <div
      class="c4"
    >
      <p
        class="c5"
      >
        Basic
      </p>
      <hr
        class="c6"
      />
    </div>
  </article>
</div>
`;

exports[`<PlanCard /> Snapshots should render the extra content 1`] = `
.c4 {
  width: 100%;
  border-width: 0px;
  border-left-width: 0px;
  border-bottom-width: 1px;
  border-color: #D7D7E0;
}

.c2 {
  -webkit-flex: 1;
  -ms-flex: 1;
  flex: 1;
}

.c3 {
  margin: 0;
  padding: 0;
  font-size: 16px;
  color: #231B22;
  font-family: Rubik;
  font-weight: 500;
  color: #231B22;
  margin-bottom: 8px;
  line-height: 24px;
}

.c0 {
  width: 100%;
  display: -webkit-box;
  display: -webkit-flex;
  display: -ms-flexbox;
  display: flex;
  -webkit-flex-direction: column;
  -ms-flex-direction: column;
  flex-direction: column;
  position: relative;
  max-width: 312px;
  overflow: hidden;
  padding: 56px 24px 24px 24px;
  border: 1px solid #D7D7E0;
  border-radius: 16px;
  background-color: #FFFFFF;
}

.c1 {
  position: absolute;
  top: 0;
  left: 0;
  display: inline-block;
  width: 100%;
  height: 4px;
  background-color: #710252;
}

.c1::before {
  position: absolute;
  height: 112px;
  width: 112px;
  content: '';
  background: radial-gradient( 50% 50% at 50% 50%, #FFFFFF 0%, transparent 100% );
  border-radius: 50%;
  left: 24px;
  top: -84px;
  opacity: 0.8;
}

<div>
  <article
    class="c0"
  >
    <span
      class="c1"
    />
    <div
      class="c2"
    >
      <p
        class="c3"
      >
        Basic
      </p>
      <p>
        Hello
      </p>
      <hr
        class="c4"
      />
    </div>
  </article>
</div>
`;

exports[`<PlanCard /> Snapshots should render the title with a colored badge 1`] = `
.c0 {
  margin: 0;
  padding: 0;
  font-size: 16px;
  color: #231B22;
  font-family: Rubik;
  font-weight: 500;
  color: #231B22;
  margin-bottom: 8px;
  line-height: 24px;
}

.c0::before {
  position: absolute;
  left: 0;
  content: '';
  height: 24px;
  width: 4px;
  background-color: #FFC24C;
  border-top-right-radius: 4px;
  border-bottom-right-radius: 4px;
}

<p
  class="c0"
>
  Basic
</p>
`;

exports[`<PlanCard /> Snapshots should render the title without a colored badge 1`] = `
.c0 {
  margin: 0;
  padding: 0;
  font-size: 16px;
  color: #231B22;
  font-family: Rubik;
  font-weight: 500;
  color: #231B22;
  margin-bottom: 8px;
  line-height: 24px;
}

<p
  class="c0"
>
  Basic
</p>
`;
