// Jest Snapshot v1, https://goo.gl/fbAQLP

exports[`<Box /> should match snapshot 1`] = `
<View
  b="small"
  borderRadius="small"
  color="feedback.success.dark"
  p="small"
  style={
    Array [
      Object {
        "borderColor": "black",
        "borderRadius": 8,
        "borderStyle": "solid",
        "borderWidth": 1,
        "color": "#1D856C",
        "paddingBottom": 16,
        "paddingLeft": 16,
        "paddingRight": 16,
        "paddingTop": 16,
      },
    ]
  }
>
  <Text
    inverted={false}
    light={false}
    size="medium"
    style={
      Array [
        Object {
          "color": "#231B22",
          "fontFamily": "Rubik",
          "fontSize": 16,
          "fontWeight": "400",
          "lineHeight": 24,
        },
      ]
    }
  >
    Making wellbeing universal
  </Text>
</View>
`;
