// Jest Snapshot v1, https://goo.gl/fbAQLP

exports[`<List /> Snapshots Without props should match snapshot with a default list 1`] = `
<RCTScrollView
  data={
    Array [
      Object {
        "key": "Devin",
      },
      Object {
        "key": "Dan",
      },
      Object {
        "key": "Dominic",
      },
      Object {
        "key": "Jackson",
      },
      Object {
        "key": "James",
      },
      Object {
        "key": "Joel",
      },
      Object {
        "key": "John",
      },
      Object {
        "key": "Jillian",
      },
      Object {
        "key": "Jimmy",
      },
      Object {
        "key": "Julie",
      },
    ]
  }
  getItem={[Function]}
  getItemCount={[Function]}
  keyExtractor={[Function]}
  onContentSizeChange={[Function]}
  onLayout={[Function]}
  onMomentumScrollBegin={[Function]}
  onMomentumScrollEnd={[Function]}
  onScroll={[Function]}
  onScrollBeginDrag={[Function]}
  onScrollEndDrag={[Function]}
  removeClippedSubviews={false}
  renderItem={[Function]}
  scrollEventThrottle={50}
  stickyHeaderIndices={Array []}
  style={
    Array [
      Object {
        "width": "100%",
      },
    ]
  }
  viewabilityConfigCallbackPairs={Array []}
>
  <View>
    <View
      onLayout={[Function]}
      style={null}
    >
      <View
        divided={true}
        small={false}
        style={
          Array [
            Object {
              "borderBottomColor": "#F5F5FA",
              "borderBottomWidth": 1,
              "paddingBottom": 20,
              "paddingLeft": 24,
              "paddingRight": 24,
              "paddingTop": 20,
            },
          ]
        }
      >
        <Text>
          Devin
        </Text>
      </View>
    </View>
    <View
      onLayout={[Function]}
      style={null}
    >
      <View
        divided={true}
        small={false}
        style={
          Array [
            Object {
              "borderBottomColor": "#F5F5FA",
              "borderBottomWidth": 1,
              "paddingBottom": 20,
              "paddingLeft": 24,
              "paddingRight": 24,
              "paddingTop": 20,
            },
          ]
        }
      >
        <Text>
          Dan
        </Text>
      </View>
    </View>
    <View
      onLayout={[Function]}
      style={null}
    >
      <View
        divided={true}
        small={false}
        style={
          Array [
            Object {
              "borderBottomColor": "#F5F5FA",
              "borderBottomWidth": 1,
              "paddingBottom": 20,
              "paddingLeft": 24,
              "paddingRight": 24,
              "paddingTop": 20,
            },
          ]
        }
      >
        <Text>
          Dominic
        </Text>
      </View>
    </View>
    <View
      onLayout={[Function]}
      style={null}
    >
      <View
        divided={true}
        small={false}
        style={
          Array [
            Object {
              "borderBottomColor": "#F5F5FA",
              "borderBottomWidth": 1,
              "paddingBottom": 20,
              "paddingLeft": 24,
              "paddingRight": 24,
              "paddingTop": 20,
            },
          ]
        }
      >
        <Text>
          Jackson
        </Text>
      </View>
    </View>
    <View
      onLayout={[Function]}
      style={null}
    >
      <View
        divided={true}
        small={false}
        style={
          Array [
            Object {
              "borderBottomColor": "#F5F5FA",
              "borderBottomWidth": 1,
              "paddingBottom": 20,
              "paddingLeft": 24,
              "paddingRight": 24,
              "paddingTop": 20,
            },
          ]
        }
      >
        <Text>
          James
        </Text>
      </View>
    </View>
    <View
      onLayout={[Function]}
      style={null}
    >
      <View
        divided={true}
        small={false}
        style={
          Array [
            Object {
              "borderBottomColor": "#F5F5FA",
              "borderBottomWidth": 1,
              "paddingBottom": 20,
              "paddingLeft": 24,
              "paddingRight": 24,
              "paddingTop": 20,
            },
          ]
        }
      >
        <Text>
          Joel
        </Text>
      </View>
    </View>
    <View
      onLayout={[Function]}
      style={null}
    >
      <View
        divided={true}
        small={false}
        style={
          Array [
            Object {
              "borderBottomColor": "#F5F5FA",
              "borderBottomWidth": 1,
              "paddingBottom": 20,
              "paddingLeft": 24,
              "paddingRight": 24,
              "paddingTop": 20,
            },
          ]
        }
      >
        <Text>
          John
        </Text>
      </View>
    </View>
    <View
      onLayout={[Function]}
      style={null}
    >
      <View
        divided={true}
        small={false}
        style={
          Array [
            Object {
              "borderBottomColor": "#F5F5FA",
              "borderBottomWidth": 1,
              "paddingBottom": 20,
              "paddingLeft": 24,
              "paddingRight": 24,
              "paddingTop": 20,
            },
          ]
        }
      >
        <Text>
          Jillian
        </Text>
      </View>
    </View>
    <View
      onLayout={[Function]}
      style={null}
    >
      <View
        divided={true}
        small={false}
        style={
          Array [
            Object {
              "borderBottomColor": "#F5F5FA",
              "borderBottomWidth": 1,
              "paddingBottom": 20,
              "paddingLeft": 24,
              "paddingRight": 24,
              "paddingTop": 20,
            },
          ]
        }
      >
        <Text>
          Jimmy
        </Text>
      </View>
    </View>
    <View
      onLayout={[Function]}
      style={null}
    >
      <View
        divided={true}
        small={false}
        style={
          Array [
            Object {
              "borderBottomColor": "#F5F5FA",
              "borderBottomWidth": 1,
              "paddingBottom": 20,
              "paddingLeft": 24,
              "paddingRight": 24,
              "paddingTop": 20,
            },
          ]
        }
      >
        <Text>
          Julie
        </Text>
      </View>
    </View>
  </View>
</RCTScrollView>
`;

exports[`<List /> Snapshots Without props should match snapshot with a horizontal list 1`] = `
<RCTScrollView
  data={
    Array [
      Object {
        "key": "Devin",
      },
      Object {
        "key": "Dan",
      },
      Object {
        "key": "Dominic",
      },
      Object {
        "key": "Jackson",
      },
      Object {
        "key": "James",
      },
      Object {
        "key": "Joel",
      },
      Object {
        "key": "John",
      },
      Object {
        "key": "Jillian",
      },
      Object {
        "key": "Jimmy",
      },
      Object {
        "key": "Julie",
      },
    ]
  }
  getItem={[Function]}
  getItemCount={[Function]}
  horizontal={true}
  keyExtractor={[Function]}
  onContentSizeChange={[Function]}
  onLayout={[Function]}
  onMomentumScrollBegin={[Function]}
  onMomentumScrollEnd={[Function]}
  onScroll={[Function]}
  onScrollBeginDrag={[Function]}
  onScrollEndDrag={[Function]}
  removeClippedSubviews={false}
  renderItem={[Function]}
  scrollEventThrottle={50}
  stickyHeaderIndices={Array []}
  style={
    Array [
      Object {
        "width": "100%",
      },
    ]
  }
  viewabilityConfigCallbackPairs={Array []}
>
  <View>
    <View
      onLayout={[Function]}
      style={
        Array [
          Object {
            "flexDirection": "row",
          },
          null,
        ]
      }
    >
      <View
        divided={true}
        small={false}
        style={
          Array [
            Object {
              "borderBottomColor": "#F5F5FA",
              "borderBottomWidth": 1,
              "paddingBottom": 20,
              "paddingLeft": 24,
              "paddingRight": 24,
              "paddingTop": 20,
            },
          ]
        }
      >
        <Text>
          Devin
        </Text>
      </View>
    </View>
    <View
      onLayout={[Function]}
      style={
        Array [
          Object {
            "flexDirection": "row",
          },
          null,
        ]
      }
    >
      <View
        divided={true}
        small={false}
        style={
          Array [
            Object {
              "borderBottomColor": "#F5F5FA",
              "borderBottomWidth": 1,
              "paddingBottom": 20,
              "paddingLeft": 24,
              "paddingRight": 24,
              "paddingTop": 20,
            },
          ]
        }
      >
        <Text>
          Dan
        </Text>
      </View>
    </View>
    <View
      onLayout={[Function]}
      style={
        Array [
          Object {
            "flexDirection": "row",
          },
          null,
        ]
      }
    >
      <View
        divided={true}
        small={false}
        style={
          Array [
            Object {
              "borderBottomColor": "#F5F5FA",
              "borderBottomWidth": 1,
              "paddingBottom": 20,
              "paddingLeft": 24,
              "paddingRight": 24,
              "paddingTop": 20,
            },
          ]
        }
      >
        <Text>
          Dominic
        </Text>
      </View>
    </View>
    <View
      onLayout={[Function]}
      style={
        Array [
          Object {
            "flexDirection": "row",
          },
          null,
        ]
      }
    >
      <View
        divided={true}
        small={false}
        style={
          Array [
            Object {
              "borderBottomColor": "#F5F5FA",
              "borderBottomWidth": 1,
              "paddingBottom": 20,
              "paddingLeft": 24,
              "paddingRight": 24,
              "paddingTop": 20,
            },
          ]
        }
      >
        <Text>
          Jackson
        </Text>
      </View>
    </View>
    <View
      onLayout={[Function]}
      style={
        Array [
          Object {
            "flexDirection": "row",
          },
          null,
        ]
      }
    >
      <View
        divided={true}
        small={false}
        style={
          Array [
            Object {
              "borderBottomColor": "#F5F5FA",
              "borderBottomWidth": 1,
              "paddingBottom": 20,
              "paddingLeft": 24,
              "paddingRight": 24,
              "paddingTop": 20,
            },
          ]
        }
      >
        <Text>
          James
        </Text>
      </View>
    </View>
    <View
      onLayout={[Function]}
      style={
        Array [
          Object {
            "flexDirection": "row",
          },
          null,
        ]
      }
    >
      <View
        divided={true}
        small={false}
        style={
          Array [
            Object {
              "borderBottomColor": "#F5F5FA",
              "borderBottomWidth": 1,
              "paddingBottom": 20,
              "paddingLeft": 24,
              "paddingRight": 24,
              "paddingTop": 20,
            },
          ]
        }
      >
        <Text>
          Joel
        </Text>
      </View>
    </View>
    <View
      onLayout={[Function]}
      style={
        Array [
          Object {
            "flexDirection": "row",
          },
          null,
        ]
      }
    >
      <View
        divided={true}
        small={false}
        style={
          Array [
            Object {
              "borderBottomColor": "#F5F5FA",
              "borderBottomWidth": 1,
              "paddingBottom": 20,
              "paddingLeft": 24,
              "paddingRight": 24,
              "paddingTop": 20,
            },
          ]
        }
      >
        <Text>
          John
        </Text>
      </View>
    </View>
    <View
      onLayout={[Function]}
      style={
        Array [
          Object {
            "flexDirection": "row",
          },
          null,
        ]
      }
    >
      <View
        divided={true}
        small={false}
        style={
          Array [
            Object {
              "borderBottomColor": "#F5F5FA",
              "borderBottomWidth": 1,
              "paddingBottom": 20,
              "paddingLeft": 24,
              "paddingRight": 24,
              "paddingTop": 20,
            },
          ]
        }
      >
        <Text>
          Jillian
        </Text>
      </View>
    </View>
    <View
      onLayout={[Function]}
      style={
        Array [
          Object {
            "flexDirection": "row",
          },
          null,
        ]
      }
    >
      <View
        divided={true}
        small={false}
        style={
          Array [
            Object {
              "borderBottomColor": "#F5F5FA",
              "borderBottomWidth": 1,
              "paddingBottom": 20,
              "paddingLeft": 24,
              "paddingRight": 24,
              "paddingTop": 20,
            },
          ]
        }
      >
        <Text>
          Jimmy
        </Text>
      </View>
    </View>
    <View
      onLayout={[Function]}
      style={
        Array [
          Object {
            "flexDirection": "row",
          },
          null,
        ]
      }
    >
      <View
        divided={true}
        small={false}
        style={
          Array [
            Object {
              "borderBottomColor": "#F5F5FA",
              "borderBottomWidth": 1,
              "paddingBottom": 20,
              "paddingLeft": 24,
              "paddingRight": 24,
              "paddingTop": 20,
            },
          ]
        }
      >
        <Text>
          Julie
        </Text>
      </View>
    </View>
  </View>
</RCTScrollView>
`;

exports[`<List /> Snapshots Without props should match snapshot with a list without divisors 1`] = `
<RCTScrollView
  data={
    Array [
      Object {
        "key": "Devin",
      },
      Object {
        "key": "Dan",
      },
      Object {
        "key": "Dominic",
      },
      Object {
        "key": "Jackson",
      },
      Object {
        "key": "James",
      },
      Object {
        "key": "Joel",
      },
      Object {
        "key": "John",
      },
      Object {
        "key": "Jillian",
      },
      Object {
        "key": "Jimmy",
      },
      Object {
        "key": "Julie",
      },
    ]
  }
  getItem={[Function]}
  getItemCount={[Function]}
  keyExtractor={[Function]}
  onContentSizeChange={[Function]}
  onLayout={[Function]}
  onMomentumScrollBegin={[Function]}
  onMomentumScrollEnd={[Function]}
  onScroll={[Function]}
  onScrollBeginDrag={[Function]}
  onScrollEndDrag={[Function]}
  removeClippedSubviews={false}
  renderItem={[Function]}
  scrollEventThrottle={50}
  stickyHeaderIndices={Array []}
  style={
    Array [
      Object {
        "width": "100%",
      },
    ]
  }
  viewabilityConfigCallbackPairs={Array []}
>
  <View>
    <View
      onLayout={[Function]}
      style={null}
    >
      <View
        divided={false}
        small={false}
        style={
          Array [
            Object {
              "paddingBottom": 20,
              "paddingLeft": 24,
              "paddingRight": 24,
              "paddingTop": 20,
            },
          ]
        }
      >
        <Text>
          Devin
        </Text>
      </View>
    </View>
    <View
      onLayout={[Function]}
      style={null}
    >
      <View
        divided={false}
        small={false}
        style={
          Array [
            Object {
              "paddingBottom": 20,
              "paddingLeft": 24,
              "paddingRight": 24,
              "paddingTop": 20,
            },
          ]
        }
      >
        <Text>
          Dan
        </Text>
      </View>
    </View>
    <View
      onLayout={[Function]}
      style={null}
    >
      <View
        divided={false}
        small={false}
        style={
          Array [
            Object {
              "paddingBottom": 20,
              "paddingLeft": 24,
              "paddingRight": 24,
              "paddingTop": 20,
            },
          ]
        }
      >
        <Text>
          Dominic
        </Text>
      </View>
    </View>
    <View
      onLayout={[Function]}
      style={null}
    >
      <View
        divided={false}
        small={false}
        style={
          Array [
            Object {
              "paddingBottom": 20,
              "paddingLeft": 24,
              "paddingRight": 24,
              "paddingTop": 20,
            },
          ]
        }
      >
        <Text>
          Jackson
        </Text>
      </View>
    </View>
    <View
      onLayout={[Function]}
      style={null}
    >
      <View
        divided={false}
        small={false}
        style={
          Array [
            Object {
              "paddingBottom": 20,
              "paddingLeft": 24,
              "paddingRight": 24,
              "paddingTop": 20,
            },
          ]
        }
      >
        <Text>
          James
        </Text>
      </View>
    </View>
    <View
      onLayout={[Function]}
      style={null}
    >
      <View
        divided={false}
        small={false}
        style={
          Array [
            Object {
              "paddingBottom": 20,
              "paddingLeft": 24,
              "paddingRight": 24,
              "paddingTop": 20,
            },
          ]
        }
      >
        <Text>
          Joel
        </Text>
      </View>
    </View>
    <View
      onLayout={[Function]}
      style={null}
    >
      <View
        divided={false}
        small={false}
        style={
          Array [
            Object {
              "paddingBottom": 20,
              "paddingLeft": 24,
              "paddingRight": 24,
              "paddingTop": 20,
            },
          ]
        }
      >
        <Text>
          John
        </Text>
      </View>
    </View>
    <View
      onLayout={[Function]}
      style={null}
    >
      <View
        divided={false}
        small={false}
        style={
          Array [
            Object {
              "paddingBottom": 20,
              "paddingLeft": 24,
              "paddingRight": 24,
              "paddingTop": 20,
            },
          ]
        }
      >
        <Text>
          Jillian
        </Text>
      </View>
    </View>
    <View
      onLayout={[Function]}
      style={null}
    >
      <View
        divided={false}
        small={false}
        style={
          Array [
            Object {
              "paddingBottom": 20,
              "paddingLeft": 24,
              "paddingRight": 24,
              "paddingTop": 20,
            },
          ]
        }
      >
        <Text>
          Jimmy
        </Text>
      </View>
    </View>
    <View
      onLayout={[Function]}
      style={null}
    >
      <View
        divided={false}
        small={false}
        style={
          Array [
            Object {
              "paddingBottom": 20,
              "paddingLeft": 24,
              "paddingRight": 24,
              "paddingTop": 20,
            },
          ]
        }
      >
        <Text>
          Julie
        </Text>
      </View>
    </View>
  </View>
</RCTScrollView>
`;

exports[`<List /> Snapshots Without props should match snapshot with a small list 1`] = `
<RCTScrollView
  data={
    Array [
      Object {
        "key": "Devin",
      },
      Object {
        "key": "Dan",
      },
      Object {
        "key": "Dominic",
      },
      Object {
        "key": "Jackson",
      },
      Object {
        "key": "James",
      },
      Object {
        "key": "Joel",
      },
      Object {
        "key": "John",
      },
      Object {
        "key": "Jillian",
      },
      Object {
        "key": "Jimmy",
      },
      Object {
        "key": "Julie",
      },
    ]
  }
  getItem={[Function]}
  getItemCount={[Function]}
  keyExtractor={[Function]}
  onContentSizeChange={[Function]}
  onLayout={[Function]}
  onMomentumScrollBegin={[Function]}
  onMomentumScrollEnd={[Function]}
  onScroll={[Function]}
  onScrollBeginDrag={[Function]}
  onScrollEndDrag={[Function]}
  removeClippedSubviews={false}
  renderItem={[Function]}
  scrollEventThrottle={50}
  stickyHeaderIndices={Array []}
  style={
    Array [
      Object {
        "width": "100%",
      },
    ]
  }
  viewabilityConfigCallbackPairs={Array []}
>
  <View>
    <View
      onLayout={[Function]}
      style={null}
    >
      <View
        divided={true}
        small={true}
        style={
          Array [
            Object {
              "borderBottomColor": "#F5F5FA",
              "borderBottomWidth": 1,
              "paddingBottom": 8,
              "paddingLeft": 20,
              "paddingRight": 20,
              "paddingTop": 8,
            },
          ]
        }
      >
        <Text>
          Devin
        </Text>
      </View>
    </View>
    <View
      onLayout={[Function]}
      style={null}
    >
      <View
        divided={true}
        small={true}
        style={
          Array [
            Object {
              "borderBottomColor": "#F5F5FA",
              "borderBottomWidth": 1,
              "paddingBottom": 8,
              "paddingLeft": 20,
              "paddingRight": 20,
              "paddingTop": 8,
            },
          ]
        }
      >
        <Text>
          Dan
        </Text>
      </View>
    </View>
    <View
      onLayout={[Function]}
      style={null}
    >
      <View
        divided={true}
        small={true}
        style={
          Array [
            Object {
              "borderBottomColor": "#F5F5FA",
              "borderBottomWidth": 1,
              "paddingBottom": 8,
              "paddingLeft": 20,
              "paddingRight": 20,
              "paddingTop": 8,
            },
          ]
        }
      >
        <Text>
          Dominic
        </Text>
      </View>
    </View>
    <View
      onLayout={[Function]}
      style={null}
    >
      <View
        divided={true}
        small={true}
        style={
          Array [
            Object {
              "borderBottomColor": "#F5F5FA",
              "borderBottomWidth": 1,
              "paddingBottom": 8,
              "paddingLeft": 20,
              "paddingRight": 20,
              "paddingTop": 8,
            },
          ]
        }
      >
        <Text>
          Jackson
        </Text>
      </View>
    </View>
    <View
      onLayout={[Function]}
      style={null}
    >
      <View
        divided={true}
        small={true}
        style={
          Array [
            Object {
              "borderBottomColor": "#F5F5FA",
              "borderBottomWidth": 1,
              "paddingBottom": 8,
              "paddingLeft": 20,
              "paddingRight": 20,
              "paddingTop": 8,
            },
          ]
        }
      >
        <Text>
          James
        </Text>
      </View>
    </View>
    <View
      onLayout={[Function]}
      style={null}
    >
      <View
        divided={true}
        small={true}
        style={
          Array [
            Object {
              "borderBottomColor": "#F5F5FA",
              "borderBottomWidth": 1,
              "paddingBottom": 8,
              "paddingLeft": 20,
              "paddingRight": 20,
              "paddingTop": 8,
            },
          ]
        }
      >
        <Text>
          Joel
        </Text>
      </View>
    </View>
    <View
      onLayout={[Function]}
      style={null}
    >
      <View
        divided={true}
        small={true}
        style={
          Array [
            Object {
              "borderBottomColor": "#F5F5FA",
              "borderBottomWidth": 1,
              "paddingBottom": 8,
              "paddingLeft": 20,
              "paddingRight": 20,
              "paddingTop": 8,
            },
          ]
        }
      >
        <Text>
          John
        </Text>
      </View>
    </View>
    <View
      onLayout={[Function]}
      style={null}
    >
      <View
        divided={true}
        small={true}
        style={
          Array [
            Object {
              "borderBottomColor": "#F5F5FA",
              "borderBottomWidth": 1,
              "paddingBottom": 8,
              "paddingLeft": 20,
              "paddingRight": 20,
              "paddingTop": 8,
            },
          ]
        }
      >
        <Text>
          Jillian
        </Text>
      </View>
    </View>
    <View
      onLayout={[Function]}
      style={null}
    >
      <View
        divided={true}
        small={true}
        style={
          Array [
            Object {
              "borderBottomColor": "#F5F5FA",
              "borderBottomWidth": 1,
              "paddingBottom": 8,
              "paddingLeft": 20,
              "paddingRight": 20,
              "paddingTop": 8,
            },
          ]
        }
      >
        <Text>
          Jimmy
        </Text>
      </View>
    </View>
    <View
      onLayout={[Function]}
      style={null}
    >
      <View
        divided={true}
        small={true}
        style={
          Array [
            Object {
              "borderBottomColor": "#F5F5FA",
              "borderBottomWidth": 1,
              "paddingBottom": 8,
              "paddingLeft": 20,
              "paddingRight": 20,
              "paddingTop": 8,
            },
          ]
        }
      >
        <Text>
          Julie
        </Text>
      </View>
    </View>
  </View>
</RCTScrollView>
`;
