// Jest Snapshot v1, https://goo.gl/fbAQLP

exports[`<Dialog /> should match snapshot 1`] = `
.c6 {
  box-sizing: border-box;
  text-align: center;
  outline: none;
  -webkit-transition: all 0.2s;
  transition: all 0.2s;
  cursor: pointer;
  display: -webkit-box;
  display: -webkit-flex;
  display: -ms-flexbox;
  display: flex;
  -webkit-align-items: center;
  -webkit-box-align: center;
  -ms-flex-align: center;
  align-items: center;
  -webkit-box-pack: center;
  -webkit-justify-content: center;
  -ms-flex-pack: center;
  justify-content: center;
  width: auto;
  height: 48px;
  padding-left: 24px;
  padding-right: 24px;
  background-color: #231B22;
  border: none;
  border-radius: 9999px;
  color: #FFFFFF;
  font-size: 16px;
  font-weight: 500;
  font-family: Rubik;
  -webkit-letter-spacing: normal;
  -moz-letter-spacing: normal;
  -ms-letter-spacing: normal;
  letter-spacing: normal;
  line-height: 1;
  -webkit-text-decoration: none;
  text-decoration: none;
}

.c6 svg {
  width: 24px;
  height: 24px;
  fill: #FFFFFF;
  margin-right: 8px;
  -webkit-transition: fill 0.2s;
  transition: fill 0.2s;
}

.c6:not([disabled]):hover,
.c6:not([disabled]):focus {
  box-shadow: 0 4px 8px rgba(35,27,34,0.45);
}

.c6:active {
  background-color: rgba(35,27,34,0.75);
  color: #FFFFFF;
}

.c6:active svg {
  fill: #FFFFFF;
}

.c3 {
  margin-bottom: 24px;
  color: #231B22;
  font-size: 24px;
  font-weight: 500;
  text-align: center;
}

.c4 {
  margin-bottom: 32px;
  color: #6B6B78;
  font-size: 16px;
  font-weight: 400;
  text-align: center;
}

.c5 {
  display: -webkit-box;
  display: -webkit-flex;
  display: -ms-flexbox;
  display: flex;
  -webkit-box-pack: center;
  -webkit-justify-content: center;
  -ms-flex-pack: center;
  justify-content: center;
  gap: 24px;
}

.c1 {
  padding: 16px  16px  16px  16px;
  border-radius: 8px;
  background-color: #FFFFFF;
  box-shadow: 0 2px 4px -1px rgba(152,152,166,0.2),0 4px 5px 0px rgba(152,152,166,0.14),0 1px 10px 0px rgba(152,152,166,0.12);
}

.c2 {
  padding: 40px 32px 32px;
  width: 580px;
  min-height: 160px;
  border-radius: 16px;
  display: -webkit-box;
  display: -webkit-flex;
  display: -ms-flexbox;
  display: flex;
  -webkit-align-items: center;
  -webkit-box-align: center;
  -ms-flex-align: center;
  align-items: center;
  -webkit-flex-direction: column;
  -ms-flex-direction: column;
  flex-direction: column;
}

.c0 {
  display: -webkit-box;
  display: -webkit-flex;
  display: -ms-flexbox;
  display: flex;
  z-index: 3;
  -webkit-box-pack: center;
  -webkit-justify-content: center;
  -ms-flex-pack: center;
  justify-content: center;
  -webkit-align-items: center;
  -webkit-box-align: center;
  -ms-flex-align: center;
  align-items: center;
  position: fixed;
  top: 0;
  right: 0;
  left: 0;
  bottom: 0;
  background-color: rgba(35,27,34,0.48);
}

<body>
  <div />
  <div
    id="dialog"
  >
    <div>
      <div
        class="c0"
      >
        <section
          class="c1 c2"
        >
          <header
            class="c3"
            color="text.primary"
          >
            Title
          </header>
          <div
            class="c4"
            color="text.secondary"
          >
            Subtitle
          </div>
          <footer
            class="c5"
            d="flex"
          >
            <button
              class="c6"
            >
              Ok, got it
            </button>
          </footer>
        </section>
      </div>
    </div>
  </div>
</body>
`;

exports[`<Dialog /> should match snapshot with close button 1`] = `
<body>
  <div />
  .c9 {
  box-sizing: border-box;
  text-align: center;
  outline: none;
  -webkit-transition: all 0.2s;
  transition: all 0.2s;
  cursor: pointer;
  display: -webkit-box;
  display: -webkit-flex;
  display: -ms-flexbox;
  display: flex;
  -webkit-align-items: center;
  -webkit-box-align: center;
  -ms-flex-align: center;
  align-items: center;
  -webkit-box-pack: center;
  -webkit-justify-content: center;
  -ms-flex-pack: center;
  justify-content: center;
  width: auto;
  height: 48px;
  padding-left: 24px;
  padding-right: 24px;
  background-color: #231B22;
  border: none;
  border-radius: 9999px;
  color: #FFFFFF;
  font-size: 16px;
  font-weight: 500;
  font-family: Rubik;
  -webkit-letter-spacing: normal;
  -moz-letter-spacing: normal;
  -ms-letter-spacing: normal;
  letter-spacing: normal;
  line-height: 1;
  -webkit-text-decoration: none;
  text-decoration: none;
}

.c9 svg {
  width: 24px;
  height: 24px;
  fill: #FFFFFF;
  margin-right: 8px;
  -webkit-transition: fill 0.2s;
  transition: fill 0.2s;
}

.c9:not([disabled]):hover,
.c9:not([disabled]):focus {
  box-shadow: 0 4px 8px rgba(35,27,34,0.45);
}

.c9:active {
  background-color: rgba(35,27,34,0.75);
  color: #FFFFFF;
}

.c9:active svg {
  fill: #FFFFFF;
}

.c3 {
  margin-bottom: 24px;
  color: #231B22;
  font-size: 24px;
  font-weight: 500;
  text-align: center;
}

.c7 {
  margin-bottom: 32px;
  color: #6B6B78;
  font-size: 16px;
  font-weight: 400;
  text-align: center;
}

.c8 {
  display: -webkit-box;
  display: -webkit-flex;
  display: -ms-flexbox;
  display: flex;
  -webkit-box-pack: center;
  -webkit-justify-content: center;
  -ms-flex-pack: center;
  justify-content: center;
  gap: 24px;
}

.c4 {
  width: 100%;
  display: -webkit-box;
  display: -webkit-flex;
  display: -ms-flexbox;
  display: flex;
  -webkit-box-pack: end;
  -webkit-justify-content: flex-end;
  -ms-flex-pack: end;
  justify-content: flex-end;
}

.c6 {
  width: 24px;
  height: 24px;
}

.c5 {
  box-sizing: border-box;
  text-align: center;
  outline: none;
  -webkit-transition: all 0.2s;
  transition: all 0.2s;
  cursor: pointer;
  display: -webkit-box;
  display: -webkit-flex;
  display: -ms-flexbox;
  display: flex;
  -webkit-align-items: center;
  -webkit-box-align: center;
  -ms-flex-align: center;
  align-items: center;
  -webkit-box-pack: center;
  -webkit-justify-content: center;
  -ms-flex-pack: center;
  justify-content: center;
  width: auto;
  height: 48px;
  padding-left: 24px;
  padding-right: 24px;
  background-color: #D8385E;
  border: none;
  border-radius: 9999px;
  color: #FFFFFF;
  font-size: 16px;
  font-weight: 500;
  font-family: Rubik;
  -webkit-letter-spacing: normal;
  -moz-letter-spacing: normal;
  -ms-letter-spacing: normal;
  letter-spacing: normal;
  line-height: 1;
  -webkit-text-decoration: none;
  text-decoration: none;
  background-color: #FFFFFF;
  color: #D8385E;
  padding: 0;
  width: 48px;
}

.c5 svg {
  width: 24px;
  height: 24px;
  fill: #FFFFFF;
  margin-right: 8px;
  -webkit-transition: fill 0.2s;
  transition: fill 0.2s;
}

.c5:not([disabled]):hover,
.c5:not([disabled]):focus {
  box-shadow: 0 4px 8px rgba(216,56,94,0.45);
}

.c5:active {
  background-color: rgba(216,56,94,0.75);
  color: #FFFFFF;
}

.c5:active svg {
  fill: #FFFFFF;
}

.c5 svg {
  fill: #D8385E;
}

.c5:active {
  background-color: rgba(255,255,255,0.75);
  color: rgba(216,56,94,0.75);
}

.c5:active svg {
  fill: rgba(216,56,94,0.75);
}

.c5:not([disabled]):hover,
.c5:not([disabled]):focus {
  box-shadow: 0 4px 8px rgba(255,255,255,0.45);
}

.c5 svg {
  width: unset;
  height: unset;
  margin-right: unset;
  -webkit-transition: fill 0.2s;
  transition: fill 0.2s;
}

.c1 {
  padding: 16px  16px  16px  16px;
  border-radius: 8px;
  background-color: #FFFFFF;
  box-shadow: 0 2px 4px -1px rgba(152,152,166,0.2),0 4px 5px 0px rgba(152,152,166,0.14),0 1px 10px 0px rgba(152,152,166,0.12);
}

.c2 {
  padding: 24px 32px 32px;
  width: 580px;
  min-height: 160px;
  border-radius: 16px;
  display: -webkit-box;
  display: -webkit-flex;
  display: -ms-flexbox;
  display: flex;
  -webkit-align-items: center;
  -webkit-box-align: center;
  -ms-flex-align: center;
  align-items: center;
  -webkit-flex-direction: column;
  -ms-flex-direction: column;
  flex-direction: column;
}

.c0 {
  display: -webkit-box;
  display: -webkit-flex;
  display: -ms-flexbox;
  display: flex;
  z-index: 3;
  -webkit-box-pack: center;
  -webkit-justify-content: center;
  -ms-flex-pack: center;
  justify-content: center;
  -webkit-align-items: center;
  -webkit-box-align: center;
  -ms-flex-align: center;
  align-items: center;
  position: fixed;
  top: 0;
  right: 0;
  left: 0;
  bottom: 0;
  background-color: rgba(35,27,34,0.48);
}

<div
    id="dialog"
  >
    <div>
      <div
        class="c0"
      >
        <section
          class="c1 c2"
        >
          <header
            class="c3"
            color="text.primary"
          >
            <div
              class="c4"
              d="flex"
            >
              <button
                class="c5"
              >
                <svg
                  class="c6"
                  height="24"
                  width="24"
                />
              </button>
            </div>
            Title
          </header>
          <div
            class="c7"
            color="text.secondary"
          >
            Subtitle
          </div>
          <footer
            class="c8"
            d="flex"
          >
            <button
              class="c9"
            >
              Ok, got it
            </button>
          </footer>
        </section>
      </div>
    </div>
  </div>
</body>
`;
