// Jest Snapshot v1, https://goo.gl/fbAQLP

exports[`<Card /> Snapshots should match snapshot with default EventCard 1`] = `
.c5 {
  margin: 0;
  padding: 0;
  font-size: 20px;
  line-height: 28px;
  color: #231B22;
  color: #FFFFFF;
  font-family: Rubik;
  font-weight: 500;
}

.c10 {
  margin: 0;
  padding: 0;
  font-size: 14px;
  line-height: 20px;
  color: #231B22;
  font-family: Rubik;
  font-weight: 400;
}

.c12 {
  margin: 0;
  padding: 0;
  font-size: 12px;
  line-height: 16px;
  color: #231B22;
  font-family: Rubik;
  font-weight: 400;
}

.c9 {
  margin: 0;
  padding: 0;
  font-size: 16px;
  line-height: 24px;
  color: #231B22;
  font-family: Rubik;
  font-weight: 400;
  font-size: 16px;
}

.c0 {
  padding: 16px  16px  16px  16px;
  border-radius: 8px;
  background-color: #FFFFFF;
  box-shadow: 0 2px 4px -1px rgba(152,152,166,0.2),0 4px 5px 0px rgba(152,152,166,0.14),0 1px 10px 0px rgba(152,152,166,0.12);
}

.c1 {
  display: -webkit-box;
  display: -webkit-flex;
  display: -ms-flexbox;
  display: flex;
  -webkit-flex-direction: row;
  -ms-flex-direction: row;
  flex-direction: row;
  width: 100%;
  padding: 0;
  overflow: hidden;
}

.c7 {
  padding: 16px 16px 16px 16px;
}

.c7 .c8,
.c7 .c3 {
  display: -webkit-inline-box;
  overflow: hidden;
  -webkit-line-clamp: 1;
  -webkit-box-orient: vertical;
  text-overflow: ellipsis;
  text-overflow: -o-ellipsis-lastline;
}

.c7 .c8 {
  height: 20px;
  margin-bottom: 8px;
  font-weight: 500;
  font-size: 16px;
}

.c7 .c3 {
  height: 20px;
  margin-bottom: 8px;
  color: #6B6B78;
  font-weight: 500;
}

.c11 {
  display: -webkit-box;
  display: -webkit-flex;
  display: -ms-flexbox;
  display: flex;
  -webkit-align-items: center;
  -webkit-box-align: center;
  -ms-flex-align: center;
  align-items: center;
}

.c2 {
  display: -webkit-box;
  display: -webkit-flex;
  display: -ms-flexbox;
  display: flex;
  -webkit-flex-direction: column;
  -ms-flex-direction: column;
  flex-direction: column;
  -webkit-align-items: center;
  -webkit-box-align: center;
  -ms-flex-align: center;
  align-items: center;
  -webkit-box-pack: center;
  -webkit-justify-content: center;
  -ms-flex-pack: center;
  justify-content: center;
  -webkit-flex-shrink: 0;
  -ms-flex-negative: 0;
  flex-shrink: 0;
  width: 56px;
  background-color: #D8385E;
}

.c4 {
  margin: 0;
  padding: 0;
  font-size: 14px;
  line-height: 20px;
  color: #231B22;
  color: #FFFFFF;
  font-family: Rubik;
  font-weight: 400;
  margin-bottom: 8px;
  font-weight: 400;
}

.c6 {
  margin: 0;
  padding: 0;
  font-size: 14px;
  line-height: 20px;
  color: #231B22;
  color: #FFFFFF;
  font-family: Rubik;
  font-weight: 400;
  font-weight: 500;
}

<div>
  <section
    class="c0 c1"
  >
    <div
      class="c2"
    >
      <p
        class="c3 c4"
      />
      <h5
        class="c5"
      >
        19
      </h5>
      <p
        class="c3 c6"
      >
        dec
      </p>
    </div>
    <div
      class="c7"
    >
      <h3
        class="c8 c9"
        font-size="medium"
        title="Yoga Class"
      >
        Yoga Class
      </h3>
      <p
        class="c3 c10"
        title="Gympass"
      >
        Gympass
      </p>
      <div
        class="c11"
      >
        <svg
          fill="#231B22"
          style="margin-right: 5px;"
        />
        <p
          class="c12"
        >
          19 am
        </p>
      </div>
    </div>
  </section>
</div>
`;
